95.79.164.185 - - [13/Feb/2024:06:57:02 -0500] "GET /public/assets/js/tiny_mce/plugins/print/editor_plugin.js HTTP/1.1" 200 993 "-" "Mozilla/5.0 (Windows NT 10.0; WOW64) AppleWebKit/537.36 (KHTML, like Gecko) Chrome/58.0.3029.97 Safari/537.36 Viv/1.9.818.49,gzip(gfe)"
162.216.150.217 - - [13/Feb/2024:06:59:26 -0500] "GET / HTTP/1.1" 200 612 "-" "Expanse, a Palo Alto Networks company, searches across the global IPv4 space multiple times per day to identify customers&#39; presences on the Internet. If you would like to be excluded from our scans, please send IP addresses/domains to: scaninfo@paloaltonetworks.com"
95.79.164.185 - - [13/Feb/2024:07:01:12 -0500] "GET /lib/tinymce/jscripts/tiny_mce/plugins/print/editor_plugin.js HTTP/1.1" 200 993 "-" "Mozilla/5.0 (Windows; U; Windows NT 6.1; rv:6.0a2) Gecko/20110613 Firefox/6.0a2"
95.79.164.185 - - [13/Feb/2024:07:01:23 -0500] "GET /assets/bower_components/tinymce/plugins/print/plugin.min.js HTTP/1.1" 200 993 "-" "Mozilla/5.0 (X11; Linux x86_64) AppleWebKit/537.36 (KHTML, like Gecko) Chrome/53.0.2785.101 Safari/537.36 Mozilla/5.0 (Windows NT 6.1; WOW64) AppleWebKit/537.36 (KHTML, like Gecko) Chrome/45.0.2454.101 Safari/537.36"
95.79.164.185 - - [13/Feb/2024:07:02:04 -0500] "GET /protected/extensions/tiny_mce/assets/plugins/print/editor_plugin.js HTTP/1.1" 200 993 "-" "Mozilla/5.0 (Windows NT 6.1; Win64; x64) AppleWebKit/537.36 (KHTML, like Gecko) Chrome/37.0.2018.0 Safari/537.36"
95.79.164.185 - - [13/Feb/2024:07:06:00 -0500] "GET /modules/tinymce/plugins/print/plugin.min.js HTTP/1.1" 200 993 "-" "Mozilla/5.0 (Windows NT 6.3; WOW64; rv:47.0.2) Gecko/20100101 Firefox/47.0.2"
95.79.164.185 - - [13/Feb/2024:07:06:49 -0500] "GET /admin/public/tinymce/plugins/print/plugin.min.js HTTP/1.1" 200 993 "-" "Mozilla/5.0 (Windows NT 6.0; rv:13.0) Gecko/13.0 Firefox/13.0"
95.79.164.185 - - [13/Feb/2024:07:10:52 -0500] "GET /site/public/scripts/tinymce/plugins/print/plugin.min.js HTTP/1.1" 200 993 "-" "Mozilla/5.0 (Windows NT 6.1; WOW64) AppleWebKit/538 (KHTML, like Gecko) Chrome/36 Safari/538"
95.79.164.185 - - [13/Feb/2024:07:11:44 -0500] "GET /lib/plugins/tinymce/plugins/print/plugin.min.js HTTP/1.1" 200 993 "-" "Mozilla/5.0 (Windows NT 6.1; WOW64; rv:36.0) AppleWebKit/537.36 (KHTML, like Gecko) Chrome/39.0.2171.95 Safari/537.36 OPR/26.0.1656.60"
83.97.73.245 - - [13/Feb/2024:07:16:14 -0500] "GET /actuator/gateway/routes HTTP/1.1" 404 208 "-" "Mozilla/5.0 (Windows NT 10.0; Win64; x64) AppleWebKit/537.36 (KHTML, like Gecko) Chrome/78.0.3904.108 Safari/537.36"
95.79.164.185 - - [13/Feb/2024:07:17:04 -0500] "GET /public/content/tinymce/plugins/print/plugin.min.js HTTP/1.1" 200 993 "-" "Mozilla/5.0 (Windows NT 6.1; WOW64) AppleWebKit/537.36 (KHTML, like Gecko) Chrome/31.0.1615.0 Safari/537.36"
185.122.204.179 - - [13/Feb/2024:07:17:45 -0500] "\x03\x00\x00/*\xE0\x00\x00\x00\x00\x00Cookie: mstshash=Administr" 400 181 "-" "-"
143.110.222.166 - - [13/Feb/2024:07:18:32 -0500] "GET / HTTP/1.1" 200 396 "-" "Mozilla/5.0 (iPhone; CPU iPhone OS 16_1 like Mac OS X) AppleWebKit/605.1.15 (KHTML, like Gecko) Version/16.1 Mobile/15E148 Safari/604.1"
91.92.249.130 - - [13/Feb/2024:07:18:38 -0500] "GET /RDWeb/Pages/en-US/login.aspx HTTP/1.1" 404 5501 "-" "Go-http-client/1.1"
95.79.164.185 - - [13/Feb/2024:07:21:11 -0500] "GET /admin/view/tinymce/plugins/print/plugin.min.js HTTP/1.1" 200 993 "-" "Mozilla/5.0 (Windows NT 6.1; WOW64) AppleWebKit/537.36 (KHTML, like Gecko) Chrome/31.0.1615.0 Safari/537.36"
95.79.164.185 - - [13/Feb/2024:07:25:23 -0500] "GET /public/plugins/tiny_mce/plugins/print/editor_plugin.js HTTP/1.1" 200 993 "-" "Mozilla/5.0 (Windows NT 6.1; WOW64) AppleWebKit/ (KHTML, like Gecko) Chrome/ Safari/"
172.235.29.35 - - [13/Feb/2024:07:27:21 -0500] "GET / HTTP/1.1" 400 279 "-" "Mozilla/5.0 (SymbianOS/9.2; U; Series60/3.1 NokiaN95/10.0.018; Profile/MIDP-2.0 Configuration/CLDC-1.1) AppleWebKit/413 (KHTML, like Gecko) Safari/413 UP.Link/6.3.0.0.0"
35.203.211.52 - - [13/Feb/2024:07:30:02 -0500] "GET / HTTP/1.1" 200 44326 "-" "Expanse, a Palo Alto Networks company, searches across the global IPv4 space multiple times per day to identify customers&#39; presences on the Internet. If you would like to be excluded from our scans, please send IP addresses/domains to: scaninfo@paloaltonetworks.com"
95.214.235.169 - - [13/Feb/2024:07:36:08 -0500] "GET /.env HTTP/1.1" 404 208 "-" "Mozilla/5.0 (X11; Linux x86_64) AppleWebKit/537.36 (KHTML, like Gecko) Chrome/81.0.4044.129 Safari/537.36"
95.214.235.169 - - [13/Feb/2024:07:36:08 -0500] "POST / HTTP/1.1" 405 583 "-" "Mozilla/5.0 (X11; Linux x86_64) AppleWebKit/537.36 (KHTML, like Gecko) Chrome/81.0.4044.129 Safari/537.36"
95.79.164.185 - - [13/Feb/2024:07:36:36 -0500] "GET /tools/js/tinymce/plugins/print/plugin.min.js HTTP/1.1" 200 993 "-" "Mozilla/5.0 (Windows NT 6.2; WOW64) AppleWebKit/537.36 (KHTML, like Gecko) Chrome/44.0.2403.61 Safari/537.36"
95.79.164.185 - - [13/Feb/2024:07:38:59 -0500] "GET /scripts/jscripts/tiny_mce/plugins/print/editor_plugin.js HTTP/1.1" 200 993 "-" "Mozilla/5.0 (Windows NT 6.4; WOW64) AppleWebKit/537.36 (KHTML, like Gecko) Chrome/41.0.2272.89 Safari/537.36"
95.79.164.185 - - [13/Feb/2024:07:42:02 -0500] "GET /assets/backend/vendor/tinymce/plugins/print/plugin.min.js HTTP/1.1" 200 993 "-" "Mozilla/5.0 (Windows NT 6.3; Win64; x64) AppleWebKit/537.36 (KHTML, like Gecko) Chrome/50.0.2638.0 Safari/537.36"
95.79.164.185 - - [13/Feb/2024:07:42:03 -0500] "GET /cms/media/tiny_mce/plugins/print/editor_plugin.js HTTP/1.1" 200 993 "-" "Mozilla/5.0 (Windows NT 6.2; WOW64) AppleWebKit/537.36 (KHTML, like Gecko) Chrome/39.0.2171.95 Chrome/36.0.1985.125 CrossBrowser/36.0.1985.138 Safari/537.36"
64.124.8.94 - - [13/Feb/2024:07:42:32 -0500] "GET /robots.txt HTTP/1.1" 200 993 "-" "Mozilla/5.0 (compatible; ImagesiftBot; +imagesift.com)"
64.124.8.94 - - [13/Feb/2024:07:42:32 -0500] "GET /icon_180x180.33285f999db78beed5640085c051e7b1.png HTTP/1.1" 200 17810 "-" "Mozilla/5.0 (compatible; ImagesiftBot; +imagesift.com)"
95.79.164.185 - - [13/Feb/2024:07:43:55 -0500] "GET /cms/assets/js/tiny_mce/plugins/print/editor_plugin.js HTTP/1.1" 200 993 "-" "Mozilla/4.0 (compatible; MSIE 6.0; Windows NT 5.1; ru) Opera 9.52"
95.79.164.185 - - [13/Feb/2024:07:44:38 -0500] "GET /admin/plugins/tinymce/plugins/print/plugin.min.js HTTP/1.1" 200 993 "-" "Mozilla/5.0 (Windows NT 6.1; WOW64) AppleWebKit/537.36 (KHTML, like Gecko) Chrome/40.0.2214.114 Safari/537.36"
74.82.47.2 - - [13/Feb/2024:07:46:17 -0500] "GET / HTTP/1.1" 200 8434 "-" "Mozilla/5.0 (Macintosh; Intel Mac OS X 10_15_7) AppleWebKit/537.36 (KHTML, like Gecko) Chrome/109.0.0.0 Safari/537.36"
95.79.164.185 - - [13/Feb/2024:07:47:32 -0500] "GET /assets/js/components/tinymce/plugins/print/plugin.min.js HTTP/1.1" 200 993 "-" "Mozilla/4.0 (compatible; MSIE 6.0; Windows NT 5.1; ru) Opera 9.52"
95.79.164.185 - - [13/Feb/2024:07:47:58 -0500] "GET /bootstrap/vendors/tinymce/js/tinymce/plugins/print/plugin.min.js HTTP/1.1" 200 993 "-" "Mozilla/5.0 (Windows NT 6.1) AppleWebKit/537.36 (KHTML, like Gecko) Chrome/62.0.3202.104 Safari/537.36"
95.79.164.185 - - [13/Feb/2024:07:48:24 -0500] "GET /asset/tiny_mce/plugins/print/editor_plugin.js HTTP/1.1" 200 993 "-" "Mozilla/5.0 (Windows NT 6.1; Win64; x64) AppleWebKit/537.36 (KHTML, like Gecko) Chrome/39.0.2151.2 Safari/537.36"
95.79.164.185 - - [13/Feb/2024:07:48:39 -0500] "GET /admin/includes/tinymce/js/tinymce/plugins/print/plugin.min.js HTTP/1.1" 200 993 "-" "Mozilla/5.0 (Windows NT 6.3; WOW64; rv:31.0) Gecko/20100101 Firefox/37.0"
74.82.47.2 - - [13/Feb/2024:07:49:37 -0500] "GET / HTTP/1.1" 200 44314 "-" "-"
74.82.47.2 - - [13/Feb/2024:07:50:28 -0500] "GET /webui/ HTTP/1.1" 404 5505 "-" "Mozilla/5.0 (Windows NT 10.0; Win64; x64) AppleWebKit/537.36 (KHTML, like Gecko) Chrome/110.0.0.0 Safari/537.36 Edg/110.0.1587.57"
74.82.47.2 - - [13/Feb/2024:07:54:06 -0500] "GET /favicon.ico HTTP/1.1" 200 318 "-" "Mozilla/5.0 (X11; Linux x86_64) AppleWebKit/537.36 (KHTML, like Gecko) Chrome/109.0.0.0 Safari/537.36"
95.79.164.185 - - [13/Feb/2024:07:55:16 -0500] "GET /vendors/tinymce/plugins/print/plugin.min.js HTTP/1.1" 200 993 "-" "Mozilla/5.0 (Windows NT 10.0) AppleWebKit/537.36 (KHTML, like Gecko) Chrome/45.0.2454.85 Safari/537.36 OPR/32.0.1948.44,gzip(gfe)"
74.82.47.2 - - [13/Feb/2024:07:59:06 -0500] "GET /geoserver/web/ HTTP/1.1" 404 5502 "-" "Mozilla/5.0 (Windows NT 10.0; Win64; x64) AppleWebKit/537.36 (KHTML, like Gecko) Chrome/110.0.0.0 Safari/537.36 Edg/110.0.1587.57"
74.82.47.2 - - [13/Feb/2024:08:00:29 -0500] "GET /.git/config HTTP/1.1" 403 579 "-" "Mozilla/5.0 (Macintosh; Intel Mac OS X 10_15_2) AppleWebKit/537.36 (KHTML, like Gecko) Chrome/79.0.3945.88 Safari/537.36"
95.79.164.185 - - [13/Feb/2024:08:01:55 -0500] "GET /plugins/tiny_mce/plugins/print/editor_plugin.js HTTP/1.1" 200 993 "-" "Mozilla/5.0 (Windows NT 5.1; rv:8.0; sv_se) Gecko/20100101 Firefox/8.0"
143.110.222.166 - - [13/Feb/2024:08:03:13 -0500] "GET / HTTP/1.1" 200 396 "-" "Mozilla/5.0 (iPhone; CPU iPhone OS 16_1 like Mac OS X) AppleWebKit/605.1.15 (KHTML, like Gecko) Version/16.1 Mobile/15E148 Safari/604.1"
95.79.164.185 - - [13/Feb/2024:08:05:03 -0500] "GET /admin/includes/javascript/tinymce/plugins/print/plugin.min.js HTTP/1.1" 200 993 "-" "Mozilla/5.0 (Windows NT 5.1) AppleWebKit/537.45 (KHTML, like Gecko) Chrome/46.0.2490.86 Safari/537.45"
95.79.164.185 - - [13/Feb/2024:08:06:28 -0500] "GET /store/lib/tinymce/jscripts/tiny_mce/plugins/print/editor_plugin.js HTTP/1.1" 200 993 "-" "Mozilla/5.0 (Windows NT 5.1) AppleWebKit/537.45 (KHTML, like Gecko) Chrome/46.0.2490.86 Safari/537.45"
66.45.237.154 - - [13/Feb/2024:08:07:17 -0500] "CONNECT google.com:443 HTTP/1.1" 400 181 "-" "-"
95.79.164.185 - - [13/Feb/2024:08:12:58 -0500] "GET /app/webroot/js/tinymce/plugins/print/plugin.min.js HTTP/1.1" 200 993 "-" "Mozilla/5.0 (Windows NT 6.1; WOW64) AppleWebKit/537.36 (KHTML, like Gecko) Chrome/40.0.2214.111 Safari/537.36 TC2"
95.79.164.185 - - [13/Feb/2024:08:16:41 -0500] "GET /tinymce/tiny_mce/plugins/print/editor_plugin.js HTTP/1.1" 200 993 "-" "Mozilla/5.0 (Windows; U; Windows NT 6.1; en-US; rv:1.8.0.6) Gecko/20060728 Firefox/1.5.0.6"
95.79.164.185 - - [13/Feb/2024:08:19:32 -0500] "GET /js/admin/tinymce/plugins/print/plugin.min.js HTTP/1.1" 200 993 "-" "Mozilla/5.0 (Windows NT 6.1; WOW64) AppleWebKit/537.36 (KHTML, like Gecko) Chrome/35.0.1916.150 Safari/537.36"
20.55.53.144 - - [13/Feb/2024:08:20:04 -0500] "GET /8mu02nbNrXfRBdTpgOceLGvj1Jj HTTP/1.1" 404 5501 "-" "Mozilla/5.0 (Windows NT 10.0; Win64; x64) AppleWebKit/537.36 (KHTML, like Gecko) Chrome/79.0.3945.117 Safari/537.36"
95.79.164.185 - - [13/Feb/2024:08:20:37 -0500] "GET /user_data/tinymce/plugins/print/plugin.min.js HTTP/1.1" 200 993 "-" "Mozilla/5.0 (Windows NT 5.1) AppleWebKit/537.45 (KHTML, like Gecko) Chrome/46.0.2490.86 Safari/537.45"
198.74.56.46 - - [13/Feb/2024:08:21:46 -0500] "GET / HTTP/1.1" 400 279 "-" "Mozilla/5.0 zgrab/0.x"
45.33.80.243 - - [13/Feb/2024:08:22:06 -0500] "GET / HTTP/1.1" 200 8432 "-" "Mozilla/5.0 (Macintosh; Intel Mac OS X 13_1) AppleWebKit/537.36 (KHTML, like Gecko) Chrome/108.0.0.0 Safari/537.36"
95.79.164.185 - - [13/Feb/2024:08:24:02 -0500] "GET /include/tinymce/plugins/print/plugin.min.js HTTP/1.1" 200 993 "-" "Mozilla/5.0 (Mozilla/5.0 (Windows NT) Gecko/20100101 Firefox/25.0; rv:25.0) Gecko/20100101 Firefox/25.0"
95.79.164.185 - - [13/Feb/2024:08:24:30 -0500] "GET /media/js/tiny_mce/plugins/print/editor_plugin.js HTTP/1.1" 200 993 "-" "Mozilla/5.0 (Windows NT 6.3; WOW64; rv:31.0) Gecko/20100101 Firefox/37.0"
95.79.164.185 - - [13/Feb/2024:08:28:58 -0500] "GET /include/tiny_mce/plugins/print/editor_plugin.js HTTP/1.1" 200 993 "-" "Mozilla/5.0 (Windows NT 6.1; WOW64) AppleWebKit/537.36 (KHTML, like Gecko) Chrome/56.0.2924.90 Safari/537.36 2345Explorer/9.4.3.17934"
95.79.164.185 - - [13/Feb/2024:08:30:13 -0500] "GET /media/tiny_mce/plugins/print/editor_plugin.js HTTP/1.1" 200 993 "-" "Mozilla/5.0 (Windows NT 6.3; WOW64) AppleWebKit/537.36 (KHTML, like Gecko) Chrome/64.0.3251.0 Safari/537.36"
45.79.163.53 - - [13/Feb/2024:08:33:06 -0500] "GET / HTTP/1.1" 400 279 "-" "Mozilla/5.0 zgrab/0.x"
172.105.128.11 - - [13/Feb/2024:08:35:19 -0500] "GET / HTTP/1.1" 200 8435 "-" "Mozilla/5.0 (Macintosh; Intel Mac OS X 13_1) AppleWebKit/537.36 (KHTML, like Gecko) Chrome/108.0.0.0 Safari/537.36"
95.79.164.185 - - [13/Feb/2024:08:39:10 -0500] "GET /utils/js/tiny_mce/plugins/print/editor_plugin.js HTTP/1.1" 200 993 "-" "Mozilla/5.0 (Windows NT 6.3; Win64; x64) AppleWebKit/537.36 (KHTML, like Gecko) Chrome/32.0.1700.68 Safari/537.36"
95.79.164.185 - - [13/Feb/2024:08:39:49 -0500] "GET /vendor/tinymce/plugins/print/plugin.min.js HTTP/1.1" 200 993 "-" "Mozilla/5.0 (Windows NT 6.1) AppleWebKit/537.36 (KHTML, like Gecko) Chrome/51.0.2673.0 Safari/537.36"
95.79.164.185 - - [13/Feb/2024:08:40:16 -0500] "GET /template/tiny_mce/plugins/print/editor_plugin.js HTTP/1.1" 200 993 "-" "Mozilla/5.0 (Windows NT 10.0; Win64; x64) AppleWebKit/537.36 (KHTML, like Gecko) Chrome/43.0.2357 Safari/537.36"
172.234.96.249 - - [13/Feb/2024:08:41:31 -0500] "GET /sy.php HTTP/1.1" 404 177 "-" "-"
95.79.164.185 - - [13/Feb/2024:08:41:57 -0500] "GET /libs/tiny_mce/plugins/print/editor_plugin.js HTTP/1.1" 200 993 "-" "Mozilla/5.0 (Windows; U; Windows NT 6.0; en-US; rv:1.8.1.8pre) Gecko/20071012 lolifox/0.3.6 Firefox/2.0.0.7 compatible"
95.79.164.185 - - [13/Feb/2024:08:42:06 -0500] "GET /themes/admin/vendors/bower_components/tinymce/plugins/print/plugin.min.js HTTP/1.1" 200 993 "-" "Mozilla/5.0 (Windows; U; Windows NT 6.1; rv:6.0a2) Gecko/20110613 Firefox/6.0a2"
95.79.164.185 - - [13/Feb/2024:08:49:02 -0500] "GET /assets/lib/tiny_mce/plugins/print/editor_plugin.js HTTP/1.1" 200 993 "-" "Mozilla/5.0 (Windows NT 6.3; WOW64; rv:47.0.2) Gecko/20100101 Firefox/47.0.2"
95.79.164.185 - - [13/Feb/2024:08:50:08 -0500] "GET /admin/includes/tinymce/jscripts/tiny_mce/plugins/print/editor_plugin.js HTTP/1.1" 200 993 "-" "Mozilla/5.0 (Windows NT 6.1; Win64; x64) AppleWebKit/536.36 (KHTML, like Gecko) Chrome/67.2.3.4 Safari/536.36"
95.79.164.185 - - [13/Feb/2024:08:55:04 -0500] "GET /socialDev1/externals/tinymce/plugins/print/plugin.min.js HTTP/1.1" 200 993 "-" "Mozilla/5.0 (Windows NT 6.1; WOW64) AppleWebKit/538 (KHTML, like Gecko) Chrome/36 Safari/538"
54.37.79.75 - - [13/Feb/2024:08:59:39 -0500] "GET /.env HTTP/1.1" 404 208 "-" "Mozilla/5.0 (X11; Linux x86_64) AppleWebKit/537.36 (KHTML, like Gecko) Chrome/81.0.4044.129 Safari/537.36"
54.37.79.75 - - [13/Feb/2024:08:59:39 -0500] "POST / HTTP/1.1" 405 583 "-" "Mozilla/5.0 (X11; Linux x86_64) AppleWebKit/537.36 (KHTML, like Gecko) Chrome/81.0.4044.129 Safari/537.36"
95.79.164.185 - - [13/Feb/2024:09:01:53 -0500] "GET /engine/javascript/tiny_mce/plugins/print/editor_plugin.js HTTP/1.1" 200 993 "-" "Mozilla/5.0 (Windows NT 10.0; Win64; x64) AppleWebKit/537.36 (KHTML, like Gecko) Chrome/61.0.3163.59 Safari/537.36 OPR/48.0.2685.11 (Edition beta)"
95.79.164.185 - - [13/Feb/2024:09:07:18 -0500] "GET /lib/js/tinymce/plugins/print/plugin.min.js HTTP/1.1" 200 993 "-" "Mozilla/5.0 (Windows NT 6.0; rv:13.0) Gecko/13.0 Firefox/13.0"
95.79.164.185 - - [13/Feb/2024:09:15:24 -0500] "GET /nextgest/assets/js/tinymce/plugins/print/plugin.min.js HTTP/1.1" 200 993 "-" "Mozilla/5.0 (Windows NT 8.0; WOW64) AppleWebKit/536.24 (KHTML, like Gecko) Chrome/32.0.2019.89 Safari/536.24"
95.79.164.185 - - [13/Feb/2024:09:15:41 -0500] "GET /js/tinymce/jscripts/tiny_mce/plugins/print/editor_plugin.js HTTP/1.1" 200 993 "-" "Mozilla/5.0 (Windows NT 6.2; Win64; x64) AppleWebKit/537.36 (KHTML, like Gecko) Chrome/57.0.2987.133 Safari/537.36"
95.79.164.185 - - [13/Feb/2024:09:15:44 -0500] "GET /library/tinymce/plugins/print/plugin.min.js HTTP/1.1" 200 993 "-" "Mozilla/5.0 (Windows NT 5.1; rv:32.0) Gecko/20100101 Firefox/32.0,gzip(gfe)"
95.79.164.185 - - [13/Feb/2024:09:20:18 -0500] "GET /tinymce/plugins/print/plugin.min.js HTTP/1.1" 200 993 "-" "Mozilla/5.0 (Windows NT 6.1; WOW64; rv:36.0) AppleWebKit/537.36 (KHTML, like Gecko) Chrome/39.0.2171.95 Safari/537.36 OPR/26.0.1656.60"
188.166.19.165 - - [13/Feb/2024:09:20:22 -0500] "GET / HTTP/1.1" 200 396 "-" "Go-http-client/1.1"
188.166.19.165 - - [13/Feb/2024:09:20:54 -0500] "GET / HTTP/1.1" 400 279 "-" "Go-http-client/1.1"
45.79.181.223 - - [13/Feb/2024:09:27:18 -0500] "GET / HTTP/1.1" 200 8434 "-" "Mozilla/5.0 (Macintosh; Intel Mac OS X 13_1) AppleWebKit/537.36 (KHTML, like Gecko) Chrome/108.0.0.0 Safari/537.36"
143.110.222.166 - - [13/Feb/2024:09:28:39 -0500] "GET / HTTP/1.1" 200 396 "-" "Mozilla/5.0 (iPhone; CPU iPhone OS 16_1 like Mac OS X) AppleWebKit/605.1.15 (KHTML, like Gecko) Version/16.1 Mobile/15E148 Safari/604.1"
95.79.164.185 - - [13/Feb/2024:09:29:52 -0500] "GET /assets/admin/tinymce/plugins/print/plugin.min.js HTTP/1.1" 200 993 "-" "Mozilla/5.0 (Windows NT 6.2) AppleWebKit/537.35 (KHTML, like Gecko) Chrome/27.0.1453.0 Safari/537.35"
95.79.164.185 - - [13/Feb/2024:09:38:34 -0500] "GET /public/assets/js/tinymce/plugins/print/plugin.min.js HTTP/1.1" 200 993 "-" "Mozilla/5.0 (Windows NT 10.0; Win64; x64) AppleWebKit/537.36 (KHTML, like Gecko) Chrome/61.0.3163.59 Safari/537.36 OPR/48.0.2685.11 (Edition beta)"
146.19.24.28 - - [13/Feb/2024:09:41:28 -0500] "GET / HTTP/1.1" 200 612 "-" "-"
172.105.128.11 - - [13/Feb/2024:09:41:31 -0500] "GET / HTTP/1.1" 200 8432 "-" "Mozilla/5.0 (Macintosh; Intel Mac OS X 13_1) AppleWebKit/537.36 (KHTML, like Gecko) Chrome/108.0.0.0 Safari/537.36"
95.79.164.185 - - [13/Feb/2024:09:41:53 -0500] "GET /includes/jscripts/tinymce/plugins/print/plugin.min.js HTTP/1.1" 200 993 "-" "Mozilla/5.0 (Windows NT 10.0; WOW64) AppleWebKit/537.36 (KHTML, like Gecko) Chrome/42.0.2311.152 Safari/537.36 OPR/29.0.1795.60"
95.79.164.185 - - [13/Feb/2024:09:43:57 -0500] "GET /system/application/libraries/tiny_mce/plugins/print/editor_plugin.js HTTP/1.1" 200 993 "-" "Mozilla/5.0 (Windows NT 10.0; WOW64) AppleWebKit/537.36 (KHTML, like Gecko) Chrome/49.0.2568.0 Safari/537.36"
95.79.164.185 - - [13/Feb/2024:09:44:51 -0500] "GET /cms/media/wysiwyg/plugins/print/plugin.min.js HTTP/1.1" 200 993 "-" "Mozilla/5.0 (Windows NT 6.0; rv:11.0) Gecko/11.0 Firefox/11.0"
95.79.164.185 - - [13/Feb/2024:09:48:21 -0500] "GET /admin/vendors//tiny_mce/plugins/print/editor_plugin.js HTTP/1.1" 200 993 "-" "Mozilla/5.0 (Windows NT 6.2; WOW64) AppleWebKit/537.36 (KHTML, like Gecko) Chrome/44.0.2403.61 Safari/537.36"
95.79.164.185 - - [13/Feb/2024:09:48:27 -0500] "GET /assets/libs/tinymce/plugins/print/plugin.min.js HTTP/1.1" 200 993 "-" "Mozilla/5.0 (Windows NT 8.1) AppleWebKit/537.27.34 (KHTML, like Gecko) Chrome/54.0.2725.19 Safari/537.27.34"
95.29.240.106 - - [13/Feb/2024:09:48:59 -0500] "GET / HTTP/1.1" 200 1730 "-" "Mozilla/5.0 (Windows NT 10.0; Win64; x64; rv:122.0) Gecko/20100101 Firefox/122.0"
95.29.240.106 - - [13/Feb/2024:09:48:59 -0500] "GET /static/css/main.623b77eb.chunk.css HTTP/1.1" 200 94681 "https://test.example.com/" "Mozilla/5.0 (Windows NT 10.0; Win64; x64; rv:122.0) Gecko/20100101 Firefox/122.0"
95.29.240.106 - - [13/Feb/2024:09:48:59 -0500] "GET /static/js/main.c2a61c56.chunk.js HTTP/1.1" 200 42125 "https://test.example.com/" "Mozilla/5.0 (Windows NT 10.0; Win64; x64; rv:122.0) Gecko/20100101 Firefox/122.0"
95.29.240.106 - - [13/Feb/2024:09:48:59 -0500] "GET /static/js/5.39c75272.chunk.js HTTP/1.1" 200 642412 "https://test.example.com/" "Mozilla/5.0 (Windows NT 10.0; Win64; x64; rv:122.0) Gecko/20100101 Firefox/122.0"
95.29.240.106 - - [13/Feb/2024:09:49:00 -0500] "GET /static/js/9.4088b60f.chunk.js HTTP/1.1" 200 33757 "https://test.example.com/" "Mozilla/5.0 (Windows NT 10.0; Win64; x64; rv:122.0) Gecko/20100101 Firefox/122.0"
95.29.240.106 - - [13/Feb/2024:09:49:00 -0500] "GET /static/media/flags.007b2705.png HTTP/1.1" 200 70857 "https://test.example.com/static/css/main.623b77eb.chunk.css" "Mozilla/5.0 (Windows NT 10.0; Win64; x64; rv:122.0) Gecko/20100101 Firefox/122.0"
165.154.10.250 - - [13/Feb/2024:09:51:41 -0500] "\x16\x03\x01\x01\x17\x01\x00\x01\x13\x03\x03\xCA\xA99\xD0y\x0Fk}\xAB\xE1\x9FE\xB6_pd\x83>\xE2(\xABj\x14\x08\xC9\x07m\x0F\xD1\x83\x93\xE8 \xA0#b~\xD3\xA7\x811\xA8\xAB\xF2\xC2\xA7{\x08" 400 181 "-" "-"
165.154.10.250 - - [13/Feb/2024:09:51:52 -0500] "GET / HTTP/1.1" 200 612 "-" "Mozilla/5.0 (Macintosh; Intel Mac OS X 10_15_7) AppleWebKit/537.36 (KHTML, like Gecko) Chrome/120.0.0.0 Safari/537.36 Edg/120.0.0.0"
165.154.10.250 - - [13/Feb/2024:09:52:12 -0500] "GET /favicon.ico HTTP/1.1" 404 208 "-" "Mozilla/5.0 (Macintosh; Intel Mac OS X 10_7_0) AppleWebKit/535.11 (KHTML, like Gecko) Chrome/17.0.963.56 Safari/535.11"
165.154.10.250 - - [13/Feb/2024:09:52:13 -0500] "GET /robots.txt HTTP/1.1" 404 208 "-" "Mozilla/5.0 (Macintosh; Intel Mac OS X 10_7_0) AppleWebKit/535.11 (KHTML, like Gecko) Chrome/17.0.963.56 Safari/535.11"
165.154.10.250 - - [13/Feb/2024:09:52:15 -0500] "GET /sitemap.xml HTTP/1.1" 404 208 "-" "Mozilla/5.0 (Macintosh; Intel Mac OS X 10_7_0) AppleWebKit/535.11 (KHTML, like Gecko) Chrome/17.0.963.56 Safari/535.11"
95.79.164.185 - - [13/Feb/2024:09:54:17 -0500] "GET /admin/js/lib/tinymce/plugins/print/plugin.min.js HTTP/1.1" 200 993 "-" "Mozilla/5.0 (Windows NT 10.0; WOW64) AppleWebKit/537.36 (KHTML, like Gecko) Chrome/6.0 Safari/537.36"
95.79.164.185 - - [13/Feb/2024:09:54:40 -0500] "GET /admintools/media/js/tiny_mce/plugins/print/editor_plugin.js HTTP/1.1" 200 993 "-" "Mozilla/5.0 (Windows NT 10.0; WOW64) AppleWebKit/537.36 (KHTML, like Gecko) UR/61.1.3163.34 Chrome/63.0.3239.108  Safari/537.36"
95.79.164.185 - - [13/Feb/2024:10:05:45 -0500] "GET /admin/assets/vendor/tiny_mce/plugins/print/editor_plugin.js HTTP/1.1" 200 993 "-" "Mozilla/5.0 (Windows NT 5.1) AppleWebKit/537.14 (KHTML, like Gecko) Chrome/46.0.2490.86 Safari/537.14"
165.154.150.65 - - [13/Feb/2024:10:12:41 -0500] "GET / HTTP/1.1" 200 44314 "-" "Mozilla/5.0 (Macintosh; Intel Mac OS X 10_15_7) AppleWebKit/537.36 (KHTML, like Gecko) Chrome/120.0.0.0 Safari/537.36 Edg/120.0.0.0"
95.79.164.185 - - [13/Feb/2024:10:13:02 -0500] "GET /jscripts/tiny_mce/plugins/print/editor_plugin.js HTTP/1.1" 200 993 "-" "Mozilla/5.0 (Windows NT 6.1; Win64; x64) AppleWebKit/537.36 (KHTML, like Gecko) Chrome/37.0.2018.0 Safari/537.36"
165.154.150.65 - - [13/Feb/2024:10:13:06 -0500] "GET /favicon.ico HTTP/1.1" 200 318 "-" "Mozilla/5.0 (Macintosh; Intel Mac OS X 10_7_0) AppleWebKit/535.11 (KHTML, like Gecko) Chrome/17.0.963.56 Safari/535.11"
165.154.150.65 - - [13/Feb/2024:10:13:07 -0500] "GET /robots.txt HTTP/1.1" 200 0 "-" "Mozilla/5.0 (Macintosh; Intel Mac OS X 10_7_0) AppleWebKit/535.11 (KHTML, like Gecko) Chrome/17.0.963.56 Safari/535.11"
165.154.150.65 - - [13/Feb/2024:10:13:09 -0500] "GET /sitemap.xml HTTP/1.1" 404 5500 "-" "Mozilla/5.0 (Macintosh; Intel Mac OS X 10_7_0) AppleWebKit/535.11 (KHTML, like Gecko) Chrome/17.0.963.56 Safari/535.11"
95.79.164.185 - - [13/Feb/2024:10:13:50 -0500] "GET /js/admin/tiny_mce/plugins/print/editor_plugin.js HTTP/1.1" 200 993 "-" "Mozilla/5.0 (Windows NT 6.4; rv:32.0) Gecko/20100101 Firefox/32.0"
95.79.164.185 - - [13/Feb/2024:10:14:11 -0500] "GET /nmcms/tinymce3/jscripts/tiny_mce/plugins/print/editor_plugin.js HTTP/1.1" 200 993 "-" "Mozilla/5.0 (X11; Linux x86_64) AppleWebKit/537.36 (KHTML, like Gecko) Chrome/53.0.2785.101 Safari/537.36 Mozilla/5.0 (Windows NT 6.1; WOW64) AppleWebKit/537.36 (KHTML, like Gecko) Chrome/45.0.2454.101 Safari/537.36"
95.79.164.185 - - [13/Feb/2024:10:16:54 -0500] "GET /libraries/tinymce/plugins/print/plugin.min.js HTTP/1.1" 200 993 "-" "Mozilla/5.0 (Windows NT 6.0) AppleWebKit/537.36 (KHTML, like Gecko) Chrome/33.0.1750.29 Safari/537.36"
95.79.164.185 - - [13/Feb/2024:10:19:02 -0500] "GET /blogs/tinymce/jscripts/tiny_mce/plugins/print/editor_plugin.js HTTP/1.1" 200 993 "-" "Mozilla/5.0 (Windows NT 6.1; WOW64; rv:36.0) AppleWebKit/537.36 (KHTML, like Gecko) Chrome/39.0.2171.95 Safari/537.36 OPR/26.0.1656.60"
45.79.221.160 - - [13/Feb/2024:10:21:04 -0500] "GET /QJUl HTTP/1.1" 400 279 "-" "Mozilla/5.0 (compatible; Nmap Scripting Engine; https://nmap.org/book/nse.html)"
104.237.128.194 - - [13/Feb/2024:10:21:05 -0500] "\x16\x03\x00\x00i\x01\x00\x00e\x03\x03U\x1C\xA7\xE4random1random2random3random4\x00\x00\x0C\x00/\x00" 400 181 "-" "-"
45.79.221.160 - - [13/Feb/2024:10:21:05 -0500] "GET /R6pe HTTP/1.1" 400 279 "-" "Mozilla/5.0 (compatible; Nmap Scripting Engine; https://nmap.org/book/nse.html)"
104.237.128.194 - - [13/Feb/2024:10:21:05 -0500] "GET /yJLM HTTP/1.1" 404 177 "-" "Mozilla/5.0 (compatible; Nmap Scripting Engine; https://nmap.org/book/nse.html)"
104.237.128.194 - - [13/Feb/2024:10:21:05 -0500] "GET /nTd7 HTTP/1.1" 404 177 "-" "Mozilla/5.0 (compatible; Nmap Scripting Engine; https://nmap.org/book/nse.html)"
143.110.222.166 - - [13/Feb/2024:10:22:01 -0500] "GET / HTTP/1.1" 200 396 "-" "Mozilla/5.0 (iPhone; CPU iPhone OS 16_1 like Mac OS X) AppleWebKit/605.1.15 (KHTML, like Gecko) Version/16.1 Mobile/15E148 Safari/604.1"
205.210.31.56 - - [13/Feb/2024:10:22:28 -0500] "GET / HTTP/1.1" 200 44326 "-" "Expanse, a Palo Alto Networks company, searches across the global IPv4 space multiple times per day to identify customers&#39; presences on the Internet. If you would like to be excluded from our scans, please send IP addresses/domains to: scaninfo@paloaltonetworks.com"
95.214.235.169 - - [13/Feb/2024:10:26:17 -0500] "GET /.env HTTP/1.1" 404 208 "-" "Mozilla/5.0 (X11; Linux x86_64) AppleWebKit/537.36 (KHTML, like Gecko) Chrome/81.0.4044.129 Safari/537.36"
95.214.235.169 - - [13/Feb/2024:10:26:19 -0500] "POST / HTTP/1.1" 405 583 "-" "Mozilla/5.0 (X11; Linux x86_64) AppleWebKit/537.36 (KHTML, like Gecko) Chrome/81.0.4044.129 Safari/537.36"
95.79.164.185 - - [13/Feb/2024:10:26:28 -0500] "GET /js/library/plugins/tiny_mce/plugins/print/editor_plugin.js HTTP/1.1" 200 993 "-" "Mozilla/5.0 (Windows NT 10.0; WOW64) AppleWebKit/537.36 (KHTML, like Gecko) UR/61.1.3163.34 Chrome/63.0.3239.108  Safari/537.36"
87.250.224.50 - - [13/Feb/2024:10:28:29 -0500] "GET /robots.txt HTTP/1.1" 200 67 "-" "Mozilla/5.0 (compatible; YandexBot/3.0; +http://yandex.com/bots)"
5.255.231.160 - - [13/Feb/2024:10:28:29 -0500] "GET / HTTP/1.1" 200 1730 "-" "Mozilla/5.0 (compatible; YandexBot/3.0; +http://yandex.com/bots)"
95.79.164.185 - - [13/Feb/2024:10:30:12 -0500] "GET /tinymce/jscripts/tiny_mce/plugins/print/editor_plugin.js HTTP/1.1" 200 993 "-" "Mozilla/5.0 (Windows NT 6.1) AppleWebKit/537.36 (KHTML, like Gecko) coc_coc_browser/49.0 Chrome/43.0.2357.138 Safari/537.36"
95.79.164.185 - - [13/Feb/2024:10:34:46 -0500] "GET /lib/pkp/lib/tinymce/jscripts/tiny_mce/plugins/print/editor_plugin.js HTTP/1.1" 200 993 "-" "Mozilla/5.0 (Windows NT 6.3; WOW64) AppleWebKit/537.36 (KHTML, like Gecko) Chrome/64.0.3251.0 Safari/537.36"
45.33.87.154 - - [13/Feb/2024:10:35:23 -0500] "GET / HTTP/1.1" 400 279 "-" "Mozilla/5.0 zgrab/0.x"
45.33.80.243 - - [13/Feb/2024:10:35:56 -0500] "GET / HTTP/1.1" 200 8433 "-" "Mozilla/5.0 (Macintosh; Intel Mac OS X 13_1) AppleWebKit/537.36 (KHTML, like Gecko) Chrome/108.0.0.0 Safari/537.36"
95.79.164.185 - - [13/Feb/2024:10:37:35 -0500] "GET /admin/jsc/tinymce/plugins/print/plugin.min.js HTTP/1.1" 200 993 "-" "Mozilla/5.0 (Windows NT 10.0; WOW64) AppleWebKit/537.36 (KHTML, like Gecko) Chrome/6.0 Safari/537.36"
95.79.164.185 - - [13/Feb/2024:10:44:59 -0500] "GET /lib/tinymce/plugins/print/plugin.min.js HTTP/1.1" 200 993 "-" "Mozilla/5.0 (Windows NT 6.3; WOW64) AppleWebKit/537.36 (KHTML, like Gecko) Chrome/33.0.1750.117 Safari/537.36 OPR/20.0.1387.64"
95.79.164.185 - - [13/Feb/2024:10:46:27 -0500] "GET /components/tinymce/plugins/print/plugin.min.js HTTP/1.1" 200 993 "-" "Mozilla/5.0 (Windows NT 6.1; rv:23.0) Gecko/20100101 Firefox/23.0 AlexaToolbar/alxf-2.19"
95.79.164.185 - - [13/Feb/2024:10:48:13 -0500] "GET /assets/plugins/tinymce/tiny_mce/plugins/print/editor_plugin.js HTTP/1.1" 200 993 "-" "Mozilla/5.0 (Windows; U; Windows NT 5.1; it; rv:1.9.2.6) Gecko/20100625 Firefox/3.6.6 (.NET CLR 3.5.30729)"
95.79.164.185 - - [13/Feb/2024:10:48:15 -0500] "GET /sapred/bibliotecas/tinymce/js/tinymce/plugins/print/plugin.min.js HTTP/1.1" 200 993 "-" "Mozilla/5.0 (Windows; U; Windows NT 5.1; en-US) AppleWebKit/533.16 (KHTML, like Gecko) Chrome/5.0.335.0 Safari/533.16"
51.159.23.43 - - [13/Feb/2024:10:49:09 -0500] "GET / HTTP/1.1" 200 44314 "-" "-"
172.104.210.105 - - [13/Feb/2024:10:50:08 -0500] "GET / HTTP/1.1" 400 279 "-" "Mozilla/5.0 zgrab/0.x"
51.159.23.43 - - [13/Feb/2024:10:51:56 -0500] "GET / HTTP/1.1" 200 44314 "-" "-"
95.79.164.185 - - [13/Feb/2024:10:58:14 -0500] "GET /javascript/jscripts/tinymce/plugins/print/plugin.min.js HTTP/1.1" 200 993 "-" "Mozilla/5.0 (Windows NT 6.0; Win64; x64) AppleWebKit/536.14 (KHTML, like Gecko) Chrome/32.0.2008.86 Safari/536.14"
51.159.23.43 - - [13/Feb/2024:10:59:09 -0500] "GET / HTTP/1.1" 200 44314 "-" "-"
95.79.164.185 - - [13/Feb/2024:10:59:21 -0500] "GET /mod/tinymce/plugins/print/plugin.min.js HTTP/1.1" 200 993 "-" "Mozilla/5.0 (Windows NT 5.2) AppleWebKit/537.36 (KHTML, like Gecko) Chrome/31.0.1650.57 Safari/537.36"
95.79.164.185 - - [13/Feb/2024:11:00:43 -0500] "GET /common/js/tiny_mce/plugins/print/editor_plugin.js HTTP/1.1" 200 993 "-" "Mozilla/5.0 (Windows; U; Windows NT 6.0; en-US; rv:1.9.1.17) Gecko/20110121 AskTbLMW2/3.14.1.20007 Firefox/3.5.17 (.NET CLR 3.5.30729)"
95.79.164.185 - - [13/Feb/2024:11:01:11 -0500] "GET /admin/inc/tiny_mce/plugins/print/editor_plugin.js HTTP/1.1" 200 993 "-" "Mozilla/5.0 (Windows NT 6.3; WOW64) AppleWebKit/537.36 (KHTML, like Gecko) Chrome/64.0.3251.0 Safari/537.36"
45.33.87.154 - - [13/Feb/2024:11:04:31 -0500] "GET / HTTP/1.1" 200 396 "-" "Mozilla/5.0 zgrab/0.x"
95.79.164.185 - - [13/Feb/2024:11:04:57 -0500] "GET /app/webroot/js/tiny_mce/plugins/print/editor_plugin.js HTTP/1.1" 200 993 "-" "Mozilla/5.0 (Windows NT 10.0; Win64; x64) AppleWebKit/537.36 (KHTML, like Gecko) Chrome/43.0.2357 Safari/537.36"
95.79.164.185 - - [13/Feb/2024:11:12:02 -0500] "GET /adminlte/plugins/tinymce/plugins/print/plugin.min.js HTTP/1.1" 200 993 "-" "Mozilla/5.0 (Windows NT 6.3; WOW64; rv:47.0.2) Gecko/20100101 Firefox/47.0.2"
95.79.164.185 - - [13/Feb/2024:11:13:37 -0500] "GET /admintools/media/js/tinymce/plugins/print/plugin.min.js HTTP/1.1" 200 993 "-" "Mozilla/5.0 (Windows NT 6.4; WOW64) AppleWebKit/537.36 (KHTML, like Gecko) Chrome/41.0.2272.89 Safari/537.36"
95.79.164.185 - - [13/Feb/2024:11:14:31 -0500] "GET /admin/assets/tinymce/jscripts/tiny_mce/plugins/print/editor_plugin.js HTTP/1.1" 200 993 "-" "Mozilla/5.0 (Windows NT 6.1; WOW64) AppleWebKit/537.36 (KHTML, like Gecko) Chrome/60.0.3112.78 Safari/537.36 OPR/47.0.2631.39 (Edition Campaign 34)"
91.205.197.43 - - [13/Feb/2024:11:15:39 -0500] "OPTIONS /v1/vcv HTTP/1.1" 204 0 "https://www.example.com/" "Mozilla/5.0 (Windows NT 10.0; Win64; x64) AppleWebKit/537.36 (KHTML, like Gecko) Chrome/121.0.0.0 Safari/537.36"
91.205.197.43 - - [13/Feb/2024:11:15:39 -0500] "POST /v1/vcv HTTP/1.1" 400 353 "https://www.example.com/" "Mozilla/5.0 (Windows NT 10.0; Win64; x64) AppleWebKit/537.36 (KHTML, like Gecko) Chrome/121.0.0.0 Safari/537.36"
95.79.164.185 - - [13/Feb/2024:11:15:59 -0500] "GET /adminlte/plugins/tiny_mce/plugins/print/editor_plugin.js HTTP/1.1" 200 993 "-" "Mozilla/5.0 (Windows NT 6.0; Win64; x64) AppleWebKit/537.36 (KHTML, like Gecko) Chrome/39.0.2171.99 Safari/537.36"
95.79.164.185 - - [13/Feb/2024:11:17:08 -0500] "GET /inc/tinymce/plugins/print/plugin.min.js HTTP/1.1" 200 993 "-" "Mozilla/5.0 (Windows NT 8.0; WOW64) AppleWebKit/536.24 (KHTML, like Gecko) Chrome/32.0.2019.89 Safari/536.24"
91.205.197.43 - - [13/Feb/2024:11:19:23 -0500] "OPTIONS /v1/vcv HTTP/1.1" 204 0 "https://www.example.com/" "Mozilla/5.0 (Windows NT 10.0; Win64; x64) AppleWebKit/537.36 (KHTML, like Gecko) Chrome/121.0.0.0 Safari/537.36"
91.205.197.43 - - [13/Feb/2024:11:19:24 -0500] "POST /v1/vcv HTTP/1.1" 201 15 "https://www.example.com/" "Mozilla/5.0 (Windows NT 10.0; Win64; x64) AppleWebKit/537.36 (KHTML, like Gecko) Chrome/121.0.0.0 Safari/537.36"
45.33.87.154 - - [13/Feb/2024:11:19:54 -0500] "GET / HTTP/1.1" 200 396 "-" "Mozilla/5.0 zgrab/0.x"
95.79.164.185 - - [13/Feb/2024:11:19:59 -0500] "GET /javascripts/tiny_mce/plugins/print/editor_plugin.js HTTP/1.1" 200 993 "-" "Mozilla/5.0 (Windows NT 10.0; WOW64) AppleWebKit/537.36 (KHTML, like Gecko) Chrome/58.0.3029.97 Safari/537.36 Viv/1.9.818.49,gzip(gfe)"
95.79.164.185 - - [13/Feb/2024:11:20:12 -0500] "GET /third/tiny_mce/plugins/print/editor_plugin.js HTTP/1.1" 200 993 "-" "Mozilla/5.0 (Windows NT 5.1) AppleWebKit/537.45 (KHTML, like Gecko) Chrome/46.0.2490.86 Safari/537.45"
91.205.197.43 - - [13/Feb/2024:11:20:20 -0500] "OPTIONS /v1/vcv HTTP/1.1" 204 0 "https://www.example.com/" "Mozilla/5.0 (Windows NT 10.0; Win64; x64) AppleWebKit/537.36 (KHTML, like Gecko) Chrome/121.0.0.0 Safari/537.36"
91.205.197.43 - - [13/Feb/2024:11:20:21 -0500] "POST /v1/vcv HTTP/1.1" 201 15 "https://www.example.com/" "Mozilla/5.0 (Windows NT 10.0; Win64; x64) AppleWebKit/537.36 (KHTML, like Gecko) Chrome/121.0.0.0 Safari/537.36"
95.79.164.185 - - [13/Feb/2024:11:20:42 -0500] "GET /images/js/tiny_mce/plugins/print/editor_plugin.js HTTP/1.1" 200 993 "-" "Mozilla/5.0 (Windows NT The given key was not present in the dictionary.; WOW64; rv:44.0) Gecko/20100101 Firefox/44.0"
143.110.222.166 - - [13/Feb/2024:11:21:19 -0500] "GET / HTTP/1.1" 200 396 "-" "Mozilla/5.0 (iPhone; CPU iPhone OS 16_1 like Mac OS X) AppleWebKit/605.1.15 (KHTML, like Gecko) Version/16.1 Mobile/15E148 Safari/604.1"
213.180.203.215 - - [13/Feb/2024:11:27:51 -0500] "GET /robots.txt HTTP/1.1" 200 67 "-" "Mozilla/5.0 (compatible; YandexBot/3.0; +http://yandex.com/bots)"
213.180.203.208 - - [13/Feb/2024:11:27:51 -0500] "GET / HTTP/1.1" 200 1730 "-" "Mozilla/5.0 (compatible; YandexBot/3.0; +http://yandex.com/bots)"
95.79.164.185 - - [13/Feb/2024:11:33:04 -0500] "GET /adm/tiny/jscripts/tiny_mce/plugins/print/editor_plugin.js HTTP/1.1" 200 993 "-" "Mozilla/5.0 (Windows NT 6.2) AppleWebKit/537.36 (KHTML, like Gecko) coc_coc_browser/54.2.133 Chrome/48.2.2564.133 Safari/537.36"
95.79.164.185 - - [13/Feb/2024:11:33:52 -0500] "GET /media/js/tinymce/plugins/print/plugin.min.js HTTP/1.1" 200 993 "-" "Mozilla/5.0 (windows NT 6.2; Firefox/14.0.1; U; en) Trident/4.0; SLCC2  profile/MIDP-2.0 Configuration/CLDC-1.0 AppleWebKit/534.1+ (KHTML, Like Gecko) Version/9.6.0.141 Mobile Safari/534.1+ media center PC infopath.2 UNTRUSTED/1.0"
159.89.172.232 - - [13/Feb/2024:11:38:35 -0500] "GET /.env HTTP/1.1" 404 5503 "-" "python-requests/2.27.1"
159.89.172.232 - - [13/Feb/2024:11:38:36 -0500] "POST / HTTP/1.1" 400 31927 "-" "url"
159.89.172.232 - - [13/Feb/2024:11:38:37 -0500] "POST /core/.env HTTP/1.1" 404 5502 "-" "url"
159.89.172.232 - - [13/Feb/2024:11:38:37 -0500] "GET /core/.env HTTP/1.1" 404 5501 "-" "python-requests/2.27.1"
159.89.172.232 - - [13/Feb/2024:11:38:38 -0500] "POST / HTTP/1.1" 400 31927 "-" "url"
159.89.172.232 - - [13/Feb/2024:11:38:39 -0500] "POST /core/.env HTTP/1.1" 404 5502 "-" "url"
34.77.127.183 - - [13/Feb/2024:11:38:50 -0500] "GET / HTTP/1.1" 200 8433 "-" "python-requests/2.31.0"
95.108.213.89 - - [13/Feb/2024:11:38:59 -0500] "GET /favicon.png HTTP/1.1" 200 1276 "-" "Mozilla/5.0 (compatible; YandexBot/3.0; +http://yandex.com/bots)"
95.79.164.185 - - [13/Feb/2024:11:43:44 -0500] "GET /admin/assets/js/tinymce/plugins/print/plugin.min.js HTTP/1.1" 200 993 "-" "Mozilla/5.0 (Windows NT 6.2) AppleWebKit/537.36 (KHTML, like Gecko) Chrome/28.0.1500.45 Safari/537.36 OPR/15.0.1147.61 (Edition Next)"
43.155.169.133 - - [13/Feb/2024:11:44:28 -0500] "GET / HTTP/1.1" 200 396 "-" "Mozilla/5.0 (iPhone; CPU iPhone OS 13_2_3 like Mac OS X) AppleWebKit/605.1.15 (KHTML, like Gecko) Version/13.0.3 Mobile/15E148 Safari/604.1"
102.129.232.53 - - [13/Feb/2024:11:45:49 -0500] "HEAD / HTTP/1.1" 200 0 "-" "Mozilla/5.0 (Windows NT 6.1) AppleWebKit/537.36 (KHTML, like Gecko) Chrome/28.0.1468.0 Safari/537.36"
95.79.164.185 - - [13/Feb/2024:11:48:14 -0500] "GET /dist/js/tinymce/plugins/print/plugin.min.js HTTP/1.1" 200 993 "-" "Mozilla/5.0 (Windows NT 10.0; Win64; x64; rv:59.0) Gecko/20100101 Firefox/58.0"
95.79.164.185 - - [13/Feb/2024:11:48:16 -0500] "GET /assets/admin/tiny_mce/plugins/print/editor_plugin.js HTTP/1.1" 200 993 "-" "Mozilla/5.0 (Windows NT 6.1; WOW64) AppleWebKit/537.36 (KHTML, like Gecko) Chrome/56.0.2924.90 Safari/537.36 2345Explorer/9.4.3.17934"
95.79.164.185 - - [13/Feb/2024:11:50:31 -0500] "GET /js/vendor/tiny_mce/plugins/print/editor_plugin.js HTTP/1.1" 200 993 "-" "Mozilla/5.0 (Windows NT 6.3; WOW64) AppleWebKit/537.36 (KHTML, like Gecko) Chrome/55.0.2851.0 Safari/537.36"
95.79.164.185 - - [13/Feb/2024:11:50:57 -0500] "GET /engine/tinymce/plugins/print/plugin.min.js HTTP/1.1" 200 993 "-" "Mozilla/5.0 (Windows NT 6.3; WOW64) AppleWebKit/537.36 (KHTML, like Gecko) Chrome/64.0.3251.0 Safari/537.36"
146.19.24.28 - - [13/Feb/2024:11:56:10 -0500] "GET / HTTP/1.1" 200 612 "-" "-"
152.42.128.149 - - [13/Feb/2024:11:59:24 -0500] "GET / HTTP/1.1" 200 396 "-" "Go-http-client/1.1"
152.42.128.149 - - [13/Feb/2024:11:59:28 -0500] "GET / HTTP/1.1" 400 279 "-" "Go-http-client/1.1"
95.79.164.185 - - [13/Feb/2024:11:59:41 -0500] "GET /admin/lib/tinymce/jscripts/tiny_mce/plugins/print/editor_plugin.js HTTP/1.1" 200 993 "-" "Mozilla/5.0 (Windows; U; Windows NT 5.1; fr; rv:1.8.0.10pre) Gecko/20050815 Firefox/1.0.6"
87.250.224.228 - - [13/Feb/2024:12:02:52 -0500] "GET /robots.txt HTTP/1.1" 200 67 "-" "Mozilla/5.0 (compatible; YandexBot/3.0; +http://yandex.com/bots)"
213.180.203.181 - - [13/Feb/2024:12:02:52 -0500] "GET /favicon.png HTTP/1.1" 200 1276 "-" "Mozilla/5.0 (compatible; YandexBot/3.0; +http://yandex.com/bots)"
194.187.176.212 - - [13/Feb/2024:12:04:33 -0500] "GET /api/v1/totp/user-backup-code/../../system/system-information HTTP/1.1" 404 31900 "-" "Mozilla/5.0 (Windows NT 10.0; Win64; x64) AppleWebKit/537.36 (KHTML, like Gecko) Chrome/100.0.4896.127 Safari/537.36"
143.110.222.166 - - [13/Feb/2024:12:04:52 -0500] "GET / HTTP/1.1" 200 396 "-" "Mozilla/5.0 (iPhone; CPU iPhone OS 16_1 like Mac OS X) AppleWebKit/605.1.15 (KHTML, like Gecko) Version/16.1 Mobile/15E148 Safari/604.1"
45.33.87.154 - - [13/Feb/2024:12:05:07 -0500] "GET / HTTP/1.1" 400 279 "-" "Mozilla/5.0 zgrab/0.x"
95.79.164.185 - - [13/Feb/2024:12:08:16 -0500] "GET /s/library/plugins/tinymce/plugins/print/plugin.min.js HTTP/1.1" 200 993 "-" "Mozilla/5.0 (Windows; U; Windows NT 5.1; fr; rv:1.8.0.10pre) Gecko/20050815 Firefox/1.0.6"
95.108.213.181 - - [13/Feb/2024:12:08:36 -0500] "GET / HTTP/1.1" 200 1730 "-" "Mozilla/5.0 (compatible; YandexBot/3.0; +http://yandex.com/bots)"
95.79.164.185 - - [13/Feb/2024:12:10:34 -0500] "GET /js/plugins/tiny_mce/plugins/print/editor_plugin.js HTTP/1.1" 200 993 "-" "Mozilla/5.0 (Windows NT 10.0; Win64; x64; rv:59.0) Gecko/20100101 Firefox/58.0"
172.105.128.11 - - [13/Feb/2024:12:11:17 -0500] "GET / HTTP/1.1" 200 8433 "-" "Mozilla/5.0 (Macintosh; Intel Mac OS X 13_1) AppleWebKit/537.36 (KHTML, like Gecko) Chrome/108.0.0.0 Safari/537.36"
95.79.164.185 - - [13/Feb/2024:12:11:25 -0500] "GET /view/js/tinymce/js/tinymce/plugins/print/plugin.min.js HTTP/1.1" 200 993 "-" "Mozilla/5.0 (Windows NT 6.2; WOW64) AppleWebKit/537.36 (KHTML, like Gecko) Chrome/39.0.2171.95 Chrome/36.0.1985.125 CrossBrowser/36.0.1985.138 Safari/537.36"
95.79.164.185 - - [13/Feb/2024:12:14:10 -0500] "GET /madmin/scripts/cripts/tiny_mce/plugins/print/editor_plugin.js HTTP/1.1" 200 993 "-" "Mozilla/5.0 (Windows NT 10.0; Win64; x64; rv:59.0) Gecko/20100101 Firefox/58.0"
95.79.164.185 - - [13/Feb/2024:12:14:47 -0500] "GET /admin/tpl/js/tiny_mce/plugins/print/editor_plugin.js HTTP/1.1" 200 993 "-" "Mozilla/5.0 (Windows NT 6.3; WOW64) AppleWebKit/537.36 (KHTML, like Gecko) Chrome/33.0.1750.117 Safari/537.36 OPR/20.0.1387.64"
180.149.125.168 - - [13/Feb/2024:12:15:06 -0500] "GET / HTTP/1.1" 200 396 "-" "Mozilla/5.0 (Windows NT 5.1; Win64; x64) AppleWebKit/537.36 (KHTML, like Gecko) Chrome/60.0.3112.90 Safari/537.36"
95.79.164.185 - - [13/Feb/2024:12:17:07 -0500] "GET /design/js/tiny_mce/plugins/print/editor_plugin.js HTTP/1.1" 200 993 "-" "Mozilla/5.0 (X11; Linux x86_64) AppleWebKit/537.36 (KHTML, like Gecko) Chrome/53.0.2785.101 Safari/537.36 Mozilla/5.0 (Windows NT 6.1; WOW64) AppleWebKit/537.36 (KHTML, like Gecko) Chrome/45.0.2454.101 Safari/537.36"
95.79.164.185 - - [13/Feb/2024:12:20:16 -0500] "GET /assets/cms/tinymce/plugins/print/plugin.min.js HTTP/1.1" 200 993 "-" "Mozilla/5.0 (Windows NT 6.1; rv:23.0) Gecko/20100101 Firefox/23.0 AlexaToolbar/alxf-2.19"
34.76.96.55 - - [13/Feb/2024:12:25:34 -0500] "GET / HTTP/1.1" 200 396 "-" "python-requests/2.31.0"
95.79.164.185 - - [13/Feb/2024:12:26:07 -0500] "GET /admin/plugins/tiny_mce/plugins/print/editor_plugin.js HTTP/1.1" 200 993 "-" "Mozilla/5.0 (Windows; U; Windows NT 6.0; en-US; rv:1.8.1.8pre) Gecko/20071012 lolifox/0.3.6 Firefox/2.0.0.7 compatible"
95.79.164.185 - - [13/Feb/2024:12:26:33 -0500] "GET /system/editor/plugins/print/editor_plugin.js HTTP/1.1" 200 993 "-" "Mozilla/5.0 (Windows NT 6.3; WOW64) AppleWebKit/537.36 (KHTML, like Gecko) Chrome/55.0.2851.0 Safari/537.36"
185.180.143.11 - - [13/Feb/2024:12:26:43 -0500] "GET / HTTP/1.1" 301 193 "-" "Mozilla/5.0 (Windows NT 10.0; Win64; x64) AppleWebKit/537.36 (KHTML, like Gecko) Chrome/60.0.3112.113 Safari/537.36"
185.180.143.11 - - [13/Feb/2024:12:26:44 -0500] "GET / HTTP/1.1" 200 993 "http://donation.example.com/" "Mozilla/5.0 (Windows NT 10.0; Win64; x64) AppleWebKit/537.36 (KHTML, like Gecko) Chrome/60.0.3112.113 Safari/537.36"
185.180.143.11 - - [13/Feb/2024:12:26:45 -0500] "GET /favicon.ico HTTP/1.1" 301 193 "-" "Mozilla/5.0 (Windows NT 10.0; WOW64) AppleWebKit/537.36 (KHTML, like Gecko) Chrome/66.0.3359.117 Safari/537.36"
185.180.143.11 - - [13/Feb/2024:12:26:45 -0500] "GET /favicon.ico HTTP/1.1" 200 32988 "-" "Mozilla/5.0 (Windows NT 10.0; WOW64) AppleWebKit/537.36 (KHTML, like Gecko) Chrome/66.0.3359.117 Safari/537.36"
95.79.164.185 - - [13/Feb/2024:12:30:22 -0500] "GET /shared/tinymce/jscripts/tiny_mce/plugins/print/editor_plugin.js HTTP/1.1" 200 993 "-" "Mozilla/5.0 (Windows NT 6.1) AppleWebKit/537.36 (KHTML, like Gecko) Chrome/62.0.3202.104 Safari/537.36"
146.19.24.28 - - [13/Feb/2024:12:30:52 -0500] "GET / HTTP/1.1" 200 612 "-" "-"
95.79.164.185 - - [13/Feb/2024:12:31:04 -0500] "GET /assets/js/vendor/tiny_mce/plugins/print/editor_plugin.js HTTP/1.1" 200 993 "-" "Mozilla/5.0 (Windows NT 5.2) AppleWebKit/537.36 (KHTML, like Gecko) Chrome/31.0.1650.57 Safari/537.36"
95.79.164.185 - - [13/Feb/2024:12:32:41 -0500] "GET /common/admin/js/tinymce/plugins/print/plugin.min.js HTTP/1.1" 200 993 "-" "Mozilla/5.0 (Windows NT 6.1; Win64; x64) AppleWebKit/537.36 (KHTML, like Gecko) Chrome/39.0.2151.2 Safari/537.36"
192.155.88.231 - - [13/Feb/2024:12:33:08 -0500] "GET / HTTP/1.1" 400 279 "-" "Mozilla/5.0 zgrab/0.x"
172.105.128.11 - - [13/Feb/2024:12:38:00 -0500] "GET / HTTP/1.1" 200 8436 "-" "Mozilla/5.0 (Macintosh; Intel Mac OS X 13_1) AppleWebKit/537.36 (KHTML, like Gecko) Chrome/108.0.0.0 Safari/537.36"
95.79.164.185 - - [13/Feb/2024:12:40:26 -0500] "GET /admin/tinymce/plugins/print/plugin.min.js HTTP/1.1" 200 993 "-" "Mozilla/5.0 (Windows; U; Windows NT 6.0; ru; rv:1.9.1.7) Gecko/20091221 Firefox/3.5.7 (.NET CLR 3.5.30729)"
95.79.164.185 - - [13/Feb/2024:12:41:13 -0500] "GET /area/js/tinymce/plugins/print/plugin.min.js HTTP/1.1" 200 993 "-" "Mozilla/5.0 (Windows NT 6.1) AppleWebKit/537.36 (KHTML, like Gecko) Chrome/62.0.3202.104 Safari/537.36"
95.79.164.185 - - [13/Feb/2024:12:47:52 -0500] "GET /admin/assets/vendor/tinymce/plugins/print/plugin.min.js HTTP/1.1" 200 993 "-" "Mozilla/5.0 (Windows NT 5.1; rv:8.0; sv_se) Gecko/20100101 Firefox/8.0"
95.79.164.185 - - [13/Feb/2024:12:51:25 -0500] "GET /preview/assets/admin/tinymce/plugins/print/plugin.min.js HTTP/1.1" 200 993 "-" "Mozilla/5.0 (Windows; U; Windows NT 6.0; en-US; rv:1.9.1.17) Gecko/20110121 AskTbLMW2/3.14.1.20007 Firefox/3.5.17 (.NET CLR 3.5.30729)"
95.79.164.185 - - [13/Feb/2024:12:51:35 -0500] "GET /files/editors/tinymce/plugins/print/plugin.min.js HTTP/1.1" 200 993 "-" "Mozilla/5.0 (Windows NT 6.4; rv:32.0) Gecko/20100101 Firefox/32.0"
95.79.164.185 - - [13/Feb/2024:12:54:32 -0500] "GET /admin/images/tinymce/plugins/print/plugin.min.js HTTP/1.1" 200 993 "-" "Mozilla/5.0 (Windows NT 6.0; Win64; x64) AppleWebKit/537.36 (KHTML, like Gecko) Chrome/39.0.2171.99 Safari/537.36"
5.255.231.94 - - [13/Feb/2024:13:05:22 -0500] "GET /robots.txt HTTP/1.1" 200 67 "-" "Mozilla/5.0 (compatible; YandexBot/3.0; +http://yandex.com/bots)"
5.255.231.160 - - [13/Feb/2024:13:05:22 -0500] "GET /favicon.png HTTP/1.1" 200 1276 "-" "Mozilla/5.0 (compatible; YandexBot/3.0; +http://yandex.com/bots)"
95.79.164.185 - - [13/Feb/2024:13:06:44 -0500] "GET /static/tinymce/plugins/print/plugin.min.js HTTP/1.1" 200 993 "-" "Mozilla/5.0 (Windows NT 5.2) AppleWebKit/537.36 (KHTML, like Gecko) Chrome/31.0.1650.57 Safari/537.36"
95.79.164.185 - - [13/Feb/2024:13:09:10 -0500] "GET /js/vendor/tinymce/plugins/print/plugin.min.js HTTP/1.1" 200 993 "-" "Mozilla/5.0 (Windows; U; Windows NT 5.1; lt; rv:1.9.2.27) Gecko/20121602 Firefox/3.6.27"
181.214.166.113 - - [13/Feb/2024:13:10:00 -0500] "\xF4\xB4\xEAN2\x1C\x86OD\xAB\xD8w\xEE\xC0B\x03" 400 181 "-" "-"
95.79.164.185 - - [13/Feb/2024:13:10:00 -0500] "GET /mayadmin/tinymce/jscripts/tiny_mce/plugins/print/editor_plugin.js HTTP/1.1" 200 993 "-" "Mozilla/5.0 (Windows NT 10.0; WOW64) AppleWebKit/537.36 (KHTML, like Gecko) Chrome/72.0.3608.0 Safari/537.36"
143.110.222.166 - - [13/Feb/2024:13:14:04 -0500] "GET / HTTP/1.1" 200 396 "-" "Mozilla/5.0 (iPhone; CPU iPhone OS 16_1 like Mac OS X) AppleWebKit/605.1.15 (KHTML, like Gecko) Version/16.1 Mobile/15E148 Safari/604.1"
95.79.164.185 - - [13/Feb/2024:13:14:21 -0500] "GET /adm/js/tinymce/plugins/print/plugin.min.js HTTP/1.1" 200 993 "-" "Mozilla/5.0 (Windows NT 6.2; WOW64) AppleWebKit/537.1 (KHTML, like Gecko) Chrome/21.0.1204.0 Safari/537.1"
95.79.164.185 - - [13/Feb/2024:13:14:53 -0500] "GET /assets/plugins/tinymce/js/tinymce/plugins/print/plugin.min.js HTTP/1.1" 200 993 "-" "Mozilla/5.0 (Windows NT 10.0; Win64; x64; rv:59.0) Gecko/20100101 Firefox/58.0"
95.79.164.185 - - [13/Feb/2024:13:15:51 -0500] "GET /scripts//tiny_mce/plugins/print/editor_plugin.js HTTP/1.1" 200 993 "-" "Mozilla/5.0 (Windows NT 6.1; WOW64) AppleWebKit/537.36 (KHTML, like Gecko) Chrome/31.0.1615.0 Safari/537.36"
146.19.24.28 - - [13/Feb/2024:13:16:50 -0500] "GET / HTTP/1.1" 200 612 "-" "-"
95.79.164.185 - - [13/Feb/2024:13:23:26 -0500] "GET /cpanel/design/js/tiny_mce/plugins/print/editor_plugin.js HTTP/1.1" 200 993 "-" "Mozilla/5.0 (Windows NT 10.0; Win64; x64) AppleWebKit/537.36 (KHTML, like Gecko) Chrome/43.0.2357 Safari/537.36"
95.79.164.185 - - [13/Feb/2024:13:23:45 -0500] "GET /assets/admin/js/tinymce/plugins/print/plugin.min.js HTTP/1.1" 200 993 "-" "Opera/6.12 (Windows; U; hu)"
95.79.164.185 - - [13/Feb/2024:13:26:35 -0500] "GET /js/tinymce/plugins/print/plugin.min.js HTTP/1.1" 200 993 "-" "Mozilla/5.0 (Windows NT 6.3; WOW64; rv:31.0) Gecko/20100101 Firefox/37.0"
95.79.164.185 - - [13/Feb/2024:13:27:44 -0500] "GET /admin/includes/javascript/tiny_mce/plugins/print/editor_plugin.js HTTP/1.1" 200 993 "-" "Mozilla/5.0 (Windows NT 6.2; WOW64) AppleWebKit/537.36 (KHTML, like Gecko) Chrome/39.0.2171.95 Chrome/36.0.1985.125 CrossBrowser/36.0.1985.138 Safari/537.36"
128.14.211.210 - - [13/Feb/2024:13:29:34 -0500] "GET / HTTP/1.1" 200 396 "-" "Mozilla/5.0 (Windows NT 10.0; Win64; x64) AppleWebKit/537.36 (KHTML, like Gecko) Chrome/60.0.3112.113 Safari/537.36"
95.79.164.185 - - [13/Feb/2024:13:31:18 -0500] "GET /admin/jscripts/tinymce/plugins/print/plugin.min.js HTTP/1.1" 200 993 "-" "Mozilla/5.0 (Windows NT 6.0) AppleWebKit/537.36 (KHTML, like Gecko) Chrome/33.0.1750.29 Safari/537.36"
107.170.228.43 - - [13/Feb/2024:13:34:53 -0500] "GET / HTTP/1.1" 400 279 "-" "Mozilla/5.0 zgrab/0.x"
213.180.203.75 - - [13/Feb/2024:13:36:43 -0500] "GET /robots.txt HTTP/1.1" 200 67 "-" "Mozilla/5.0 (compatible; YandexBot/3.0; +http://yandex.com/bots)"
87.250.224.52 - - [13/Feb/2024:13:36:44 -0500] "GET / HTTP/1.1" 200 1730 "-" "Mozilla/5.0 (compatible; YandexBot/3.0; +http://yandex.com/bots)"
95.79.164.185 - - [13/Feb/2024:13:37:17 -0500] "GET /inc/tiny_mce/plugins/print/editor_plugin.js HTTP/1.1" 200 993 "-" "Mozilla/5.0 (Windows NT 10.0; WOW64) AppleWebKit/537.36 (KHTML, like Gecko) Chrome/49.0.2568.0 Safari/537.36"
95.214.235.169 - - [13/Feb/2024:13:37:45 -0500] "GET /.env HTTP/1.1" 404 208 "-" "Mozilla/5.0 (X11; Linux x86_64) AppleWebKit/537.36 (KHTML, like Gecko) Chrome/81.0.4044.129 Safari/537.36"
95.214.235.169 - - [13/Feb/2024:13:37:47 -0500] "POST / HTTP/1.1" 405 583 "-" "Mozilla/5.0 (X11; Linux x86_64) AppleWebKit/537.36 (KHTML, like Gecko) Chrome/81.0.4044.129 Safari/537.36"
95.79.164.185 - - [13/Feb/2024:13:41:20 -0500] "GET /resource/tinymce/plugins/print/plugin.min.js HTTP/1.1" 200 993 "-" "Mozilla/5.0 (Windows NT 6.1; WOW64) AppleWebKit/537.36 (KHTML, like Gecko) Chrome/60.0.3112.78 Safari/537.36 OPR/47.0.2631.39 (Edition Campaign 34)"
95.79.164.185 - - [13/Feb/2024:13:51:08 -0500] "GET /ojsinvestigacion/lib/pkp/lib/tinymce/jscripts/tiny_mce/plugins/print/editor_plugin.js HTTP/1.1" 200 993 "-" "Mozilla/5.0 (Windows NT 6.1; Win64; x64) AppleWebKit/537.36 (KHTML, like Gecko) Chrome/37.0.2018.0 Safari/537.36"
95.79.164.185 - - [13/Feb/2024:13:51:51 -0500] "GET /templates/admin/js/tinymce/jscripts/tiny_mce/plugins/print/editor_plugin.js HTTP/1.1" 200 993 "-" "Mozilla/5.0 (Windows NT 5.1) AppleWebKit/537.36 (KHTML, like Gecko) Chrome/49.0.2623.87 Safari/537.36,gzip(gfe)"
31.220.3.140 - - [13/Feb/2024:13:52:55 -0500] "GET / HTTP/1.1" 200 612 "-" "-"
31.220.3.140 - - [13/Feb/2024:13:53:01 -0500] "POST /HNAP1/ HTTP/1.1" 404 151 "-" "Mozila/5.0"
83.97.73.245 - - [13/Feb/2024:14:00:50 -0500] "GET /?XDEBUG_SESSION_START=phpstorm HTTP/1.1" 200 8441 "-" "Mozilla/5.0 (Windows NT 10.0; Win64; x64) AppleWebKit/537.36 (KHTML, like Gecko) Chrome/78.0.3904.108 Safari/537.36"
198.74.56.46 - - [13/Feb/2024:14:03:58 -0500] "GET / HTTP/1.1" 400 279 "-" "Mozilla/5.0 zgrab/0.x"
