81.200.11.107 - - [14/Feb/2024:05:41:05 -0500] "OPTIONS /v1/vcv HTTP/1.1" 204 0 "https://www.example.com/" "Mozilla/5.0 (Windows NT 10.0; Win64; x64) AppleWebKit/537.36 (KHTML, like Gecko) Chrome/120.0.0.0 YaBrowser/24.1.0.0 Safari/537.36"
81.200.11.107 - - [14/Feb/2024:05:41:06 -0500] "POST /v1/vcv HTTP/1.1" 201 15 "https://www.example.com/" "Mozilla/5.0 (Windows NT 10.0; Win64; x64) AppleWebKit/537.36 (KHTML, like Gecko) Chrome/120.0.0.0 YaBrowser/24.1.0.0 Safari/537.36"
43.157.59.127 - - [14/Feb/2024:05:48:53 -0500] "GET / HTTP/1.1" 200 32151 "-" "curl/7.64.1"
36.99.136.128 - - [14/Feb/2024:05:49:04 -0500] "GET / HTTP/1.1" 404 353 "-" "Mozilla/5.0 (Macintosh; Intel Mac OS X 10_15_7) AppleWebKit/537.36 (KHTML, like Gecko) Chrome/96.0.4664.110 Safari/537.36"
36.99.136.128 - - [14/Feb/2024:05:49:04 -0500] "GET / HTTP/1.1" 200 993 "-" "Mozilla/5.0 (Macintosh; Intel Mac OS X 10_15_7) AppleWebKit/537.36 (KHTML, like Gecko) Chrome/96.0.4664.110 Safari/537.36"
36.99.136.128 - - [14/Feb/2024:05:49:05 -0500] "GET /favicon.ico HTTP/1.1" 200 32988 "-" "Mozilla/5.0 (Macintosh; Intel Mac OS X 10_15_7) AppleWebKit/537.36 (KHTML, like Gecko) Chrome/96.0.4664.110 Safari/537.36"
36.99.136.136 - - [14/Feb/2024:05:49:13 -0500] "GET / HTTP/1.1" 404 34 "-" "Mozilla/5.0 (Macintosh; Intel Mac OS X 10_15_7) AppleWebKit/537.36 (KHTML, like Gecko) Chrome/96.0.4664.110 Safari/537.36"
36.99.136.137 - - [14/Feb/2024:05:49:14 -0500] "GET / HTTP/1.1" 200 8434 "-" "Mozilla/5.0 (Macintosh; Intel Mac OS X 10_15_7) AppleWebKit/537.36 (KHTML, like Gecko) Chrome/96.0.4664.110 Safari/537.36"
36.99.136.137 - - [14/Feb/2024:05:49:14 -0500] "GET /favicon.ico HTTP/1.1" 200 318 "-" "Mozilla/5.0 (Macintosh; Intel Mac OS X 10_15_7) AppleWebKit/537.36 (KHTML, like Gecko) Chrome/96.0.4664.110 Safari/537.36"
104.248.197.154 - - [14/Feb/2024:05:56:53 -0500] "GET / HTTP/1.1" 200 396 "-" "Go-http-client/1.1"
104.248.197.154 - - [14/Feb/2024:05:56:57 -0500] "GET / HTTP/1.1" 400 279 "-" "Go-http-client/1.1"
45.79.163.53 - - [14/Feb/2024:06:01:07 -0500] "GET / HTTP/1.1" 200 396 "-" "Mozilla/5.0 zgrab/0.x"
162.142.125.225 - - [14/Feb/2024:06:01:08 -0500] "GET / HTTP/1.1" 200 612 "-" "-"
162.142.125.225 - - [14/Feb/2024:06:01:11 -0500] "GET / HTTP/1.1" 200 396 "-" "Mozilla/5.0 (compatible; CensysInspect/1.1; +https://about.censys.io/)"
162.142.125.225 - - [14/Feb/2024:06:01:11 -0500] "PRI * HTTP/2.0" 400 181 "-" "-"
162.142.125.225 - - [14/Feb/2024:06:01:11 -0500] "GET /favicon.ico HTTP/1.1" 404 151 "-" "Mozilla/5.0 (compatible; CensysInspect/1.1; +https://about.censys.io/)"
205.210.31.86 - - [14/Feb/2024:06:01:25 -0500] "GET / HTTP/1.1" 200 2338 "-" "Expanse, a Palo Alto Networks company, searches across the global IPv4 space multiple times per day to identify customers&#39; presences on the Internet. If you would like to be excluded from our scans, please send IP addresses/domains to: scaninfo@paloaltonetworks.com"
45.79.181.251 - - [14/Feb/2024:06:01:25 -0500] "GET / HTTP/1.1" 200 396 "-" "Mozilla/5.0 (Macintosh; Intel Mac OS X 13_1) AppleWebKit/537.36 (KHTML, like Gecko) Chrome/108.0.0.0 Safari/537.36"
146.19.24.28 - - [14/Feb/2024:06:04:20 -0500] "GET / HTTP/1.1" 200 612 "-" "-"
143.110.222.166 - - [14/Feb/2024:06:08:59 -0500] "GET / HTTP/1.1" 200 396 "-" "Mozilla/5.0 (iPhone; CPU iPhone OS 16_1 like Mac OS X) AppleWebKit/605.1.15 (KHTML, like Gecko) Version/16.1 Mobile/15E148 Safari/604.1"
45.33.87.154 - - [14/Feb/2024:06:17:18 -0500] "GET / HTTP/1.1" 200 396 "-" "Mozilla/5.0 zgrab/0.x"
172.105.128.12 - - [14/Feb/2024:06:17:27 -0500] "GET / HTTP/1.1" 200 396 "-" "Mozilla/5.0 (Macintosh; Intel Mac OS X 13_1) AppleWebKit/537.36 (KHTML, like Gecko) Chrome/108.0.0.0 Safari/537.36"
37.186.117.93 - - [14/Feb/2024:06:32:30 -0500] "OPTIONS /v1/vcv HTTP/1.1" 204 0 "https://www.example.com/" "Mozilla/5.0 (Macintosh; Intel Mac OS X 10_15_7) AppleWebKit/537.36 (KHTML, like Gecko) Chrome/121.0.0.0 Safari/537.36"
37.186.117.93 - - [14/Feb/2024:06:32:31 -0500] "POST /v1/vcv HTTP/1.1" 201 15 "https://www.example.com/" "Mozilla/5.0 (Macintosh; Intel Mac OS X 10_15_7) AppleWebKit/537.36 (KHTML, like Gecko) Chrome/121.0.0.0 Safari/537.36"
64.227.99.233 - - [14/Feb/2024:06:36:28 -0500] "\x00\x0E8>T\xE5m\x93\xBAm\xD1\x00\x00\x00\x00\x00" 400 181 "-" "-"
37.186.117.93 - - [14/Feb/2024:06:38:44 -0500] "GET /dashboard HTTP/1.1" 200 1730 "-" "Mozilla/5.0 (Macintosh; Intel Mac OS X 10_15_7) AppleWebKit/537.36 (KHTML, like Gecko) Chrome/121.0.0.0 Safari/537.36"
37.186.117.93 - - [14/Feb/2024:06:38:44 -0500] "GET /static/css/main.623b77eb.chunk.css HTTP/1.1" 200 94681 "https://test.example.com/dashboard" "Mozilla/5.0 (Macintosh; Intel Mac OS X 10_15_7) AppleWebKit/537.36 (KHTML, like Gecko) Chrome/121.0.0.0 Safari/537.36"
37.186.117.93 - - [14/Feb/2024:06:38:44 -0500] "GET /static/js/5.39c75272.chunk.js HTTP/1.1" 200 642412 "https://test.example.com/dashboard" "Mozilla/5.0 (Macintosh; Intel Mac OS X 10_15_7) AppleWebKit/537.36 (KHTML, like Gecko) Chrome/121.0.0.0 Safari/537.36"
45.79.128.205 - - [14/Feb/2024:06:39:29 -0500] "GET / HTTP/1.1" 200 396 "-" "Mozilla/5.0 (Macintosh; Intel Mac OS X 13_1) AppleWebKit/537.36 (KHTML, like Gecko) Chrome/108.0.0.0 Safari/537.36"
37.186.117.93 - - [14/Feb/2024:06:55:14 -0500] "GET /dashboard HTTP/1.1" 304 0 "-" "Mozilla/5.0 (Macintosh; Intel Mac OS X 10_15_7) AppleWebKit/537.36 (KHTML, like Gecko) Chrome/121.0.0.0 Safari/537.36"
37.186.117.93 - - [14/Feb/2024:06:55:18 -0500] "OPTIONS /v1/team?skip=0&limit=10&order_by=date_created&order_dir=asc HTTP/1.1" 204 0 "https://test.example.com/" "Mozilla/5.0 (Macintosh; Intel Mac OS X 10_15_7) AppleWebKit/537.36 (KHTML, like Gecko) Chrome/121.0.0.0 Safari/537.36"
37.186.117.93 - - [14/Feb/2024:06:55:18 -0500] "GET /v1/team?skip=0&limit=10&order_by=date_created&order_dir=asc HTTP/1.1" 304 0 "https://test.example.com/" "Mozilla/5.0 (Macintosh; Intel Mac OS X 10_15_7) AppleWebKit/537.36 (KHTML, like Gecko) Chrome/121.0.0.0 Safari/537.36"
172.104.11.51 - - [14/Feb/2024:07:01:00 -0500] "\x16\x03\x01\x00\x85\x01\x00\x00\x81\x03\x03E\x06\xCA\x1B\xE7" 400 181 "-" "-"
185.224.128.55 - - [14/Feb/2024:07:03:03 -0500] "GET / HTTP/1.1" 200 396 "-" "Mozilla/5.0 (Windows NT 10.0; Win64; x64) AppleWebKit/537.36 (KHTML, like Gecko) Chrome/90.0.4430.85 Safari/537.36 Edg/90.0.818.46"
23.90.165.142 - - [14/Feb/2024:07:03:30 -0500] "GET / HTTP/1.1" 200 8433 "-" "Mozilla/5.0 (Windows NT 10.0; Win64; x64) AppleWebKit/537.36 (KHTML, like Gecko) Chrome/60.0.3112.113 Safari/537.36"
143.110.222.166 - - [14/Feb/2024:07:09:46 -0500] "GET / HTTP/1.1" 200 396 "-" "Mozilla/5.0 (iPhone; CPU iPhone OS 16_1 like Mac OS X) AppleWebKit/605.1.15 (KHTML, like Gecko) Version/16.1 Mobile/15E148 Safari/604.1"
81.200.11.107 - - [14/Feb/2024:07:10:15 -0500] "OPTIONS /v1/vcv HTTP/1.1" 204 0 "https://www.example.com/contact-form" "Mozilla/5.0 (iPhone; CPU iPhone OS 14_4 like Mac OS X) AppleWebKit/605.1.15 (KHTML, like Gecko) Version/14.0.3 Mobile/15E148 Safari/604.1"
81.200.11.107 - - [14/Feb/2024:07:10:16 -0500] "POST /v1/vcv HTTP/1.1" 201 15 "https://www.example.com/contact-form" "Mozilla/5.0 (iPhone; CPU iPhone OS 14_4 like Mac OS X) AppleWebKit/605.1.15 (KHTML, like Gecko) Version/14.0.3 Mobile/15E148 Safari/604.1"
184.105.139.69 - - [14/Feb/2024:07:12:32 -0500] "GET / HTTP/1.1" 200 396 "-" "Mozilla/5.0 (Windows NT 10.0; WOW64) AppleWebKit/537.36 (KHTML, like Gecko) Chrome/109.0.0.0 Safari/537.36"
167.94.138.51 - - [14/Feb/2024:07:12:33 -0500] "GET / HTTP/1.1" 200 612 "-" "-"
167.94.138.51 - - [14/Feb/2024:07:12:36 -0500] "GET / HTTP/1.1" 200 396 "-" "Mozilla/5.0 (compatible; CensysInspect/1.1; +https://about.censys.io/)"
167.94.138.51 - - [14/Feb/2024:07:12:37 -0500] "PRI * HTTP/2.0" 400 181 "-" "-"
167.94.138.51 - - [14/Feb/2024:07:12:37 -0500] "GET /favicon.ico HTTP/1.1" 404 151 "-" "Mozilla/5.0 (compatible; CensysInspect/1.1; +https://about.censys.io/)"
184.105.139.69 - - [14/Feb/2024:07:13:44 -0500] "GET /webui/ HTTP/1.1" 404 208 "-" "Mozilla/5.0 (Macintosh; Intel Mac OS X 10_15_7) AppleWebKit/537.36 (KHTML, like Gecko) Chrome/107.0.0.0 Safari/537.36"
184.105.139.69 - - [14/Feb/2024:07:15:07 -0500] "GET /favicon.ico HTTP/1.1" 404 208 "-" "Mozilla/5.0 (Windows NT 10.0; Win64; x64) AppleWebKit/537.36 (KHTML, like Gecko) Chrome/110.0.0.0 Safari/537.36"
81.200.11.107 - - [14/Feb/2024:07:15:26 -0500] "OPTIONS /v1/vcv HTTP/1.1" 204 0 "https://www.example.com/" "Mozilla/5.0 (Windows NT 10.0; Win64; x64) AppleWebKit/537.36 (KHTML, like Gecko) Chrome/120.0.0.0 YaBrowser/24.1.0.0 Safari/537.36"
81.200.11.107 - - [14/Feb/2024:07:15:27 -0500] "POST /v1/vcv HTTP/1.1" 201 15 "https://www.example.com/" "Mozilla/5.0 (Windows NT 10.0; Win64; x64) AppleWebKit/537.36 (KHTML, like Gecko) Chrome/120.0.0.0 YaBrowser/24.1.0.0 Safari/537.36"
184.105.139.69 - - [14/Feb/2024:07:16:14 -0500] "GET /geoserver/web/ HTTP/1.1" 404 208 "-" "Mozilla/5.0 (Windows NT 10.0; WOW64) AppleWebKit/537.36 (KHTML, like Gecko) Chrome/109.0.0.0 Safari/537.36"
83.97.73.245 - - [14/Feb/2024:07:18:22 -0500] "GET /?XDEBUG_SESSION_START=phpstorm HTTP/1.1" 200 396 "-" "Mozilla/5.0 (Windows NT 10.0; Win64; x64) AppleWebKit/537.36 (KHTML, like Gecko) Chrome/78.0.3904.108 Safari/537.36"
81.200.11.107 - - [14/Feb/2024:07:19:36 -0500] "OPTIONS /v1/vcv HTTP/1.1" 204 0 "https://www.example.com/" "Mozilla/5.0 (Windows NT 10.0; Win64; x64) AppleWebKit/537.36 (KHTML, like Gecko) Chrome/120.0.0.0 YaBrowser/24.1.0.0 Safari/537.36"
81.200.11.107 - - [14/Feb/2024:07:19:37 -0500] "POST /v1/vcv HTTP/1.1" 201 15 "https://www.example.com/" "Mozilla/5.0 (Windows NT 10.0; Win64; x64) AppleWebKit/537.36 (KHTML, like Gecko) Chrome/120.0.0.0 YaBrowser/24.1.0.0 Safari/537.36"
198.74.56.46 - - [14/Feb/2024:07:24:00 -0500] "GET / HTTP/1.1" 200 396 "-" "Mozilla/5.0 zgrab/0.x"
172.104.11.34 - - [14/Feb/2024:07:24:19 -0500] "GET / HTTP/1.1" 200 396 "-" "Mozilla/5.0 (Macintosh; Intel Mac OS X 13_1) AppleWebKit/537.36 (KHTML, like Gecko) Chrome/108.0.0.0 Safari/537.36"
51.89.93.12 - - [14/Feb/2024:07:25:26 -0500] "OPTIONS /v1/vcv HTTP/1.1" 204 0 "https://www.example.com/contact-form" "Mozilla/5.0 (iPhone; CPU iPhone OS 14_4 like Mac OS X) AppleWebKit/605.1.15 (KHTML, like Gecko) Version/14.0.3 Mobile/15E148 Safari/604.1"
51.89.93.12 - - [14/Feb/2024:07:25:27 -0500] "POST /v1/vcv HTTP/1.1" 201 15 "https://www.example.com/contact-form" "Mozilla/5.0 (iPhone; CPU iPhone OS 14_4 like Mac OS X) AppleWebKit/605.1.15 (KHTML, like Gecko) Version/14.0.3 Mobile/15E148 Safari/604.1"
2.57.122.161 - - [14/Feb/2024:07:34:37 -0500] "GET /cl/9_md/9/9/9/9/999999 HTTP/1.1" 404 151 "-" "Mozilla/5.0 zgrab/0.x"
194.187.176.111 - - [14/Feb/2024:07:37:12 -0500] "GET / HTTP/1.1" 200 8433 "-" "Mozilla/5.0 (Windows NT 10.0; Win64; x64; rv:65.0) Gecko/20100101 Firefox/65.0"
194.187.176.101 - - [14/Feb/2024:07:37:12 -0500] "GET /favicon.ico HTTP/1.1" 200 318 "-" "Mozilla/5.0 (Windows NT 10.0; Win64; x64; rv:65.0) Gecko/20100101 Firefox/65.0"
172.105.128.12 - - [14/Feb/2024:07:38:33 -0500] "\x16\x03\x01\x00\x85\x01\x00\x00\x81\x03\x03\xA0V\xE0\x9E\x86\x89\xF6q\x9A\xBE\x1A\x01#q9\xFB\x1FEc\x82\xB6\x8903\xC6-\xBC\xFE\xD8k\xF7\xB3\x00\x00 \xC0/\xC00\xC0+\xC0,\xCC\xA8\xCC\xA9\xC0\x13\xC0\x09\xC0\x14\xC0" 400 181 "-" "-"
69.164.217.245 - - [14/Feb/2024:08:03:12 -0500] "GET / HTTP/1.1" 200 396 "-" "Mozilla/5.0 zgrab/0.x"
172.105.128.11 - - [14/Feb/2024:08:03:28 -0500] "GET / HTTP/1.1" 200 396 "-" "Mozilla/5.0 (Macintosh; Intel Mac OS X 13_1) AppleWebKit/537.36 (KHTML, like Gecko) Chrome/108.0.0.0 Safari/537.36"
143.110.222.166 - - [14/Feb/2024:08:04:18 -0500] "GET / HTTP/1.1" 200 396 "-" "Mozilla/5.0 (iPhone; CPU iPhone OS 16_1 like Mac OS X) AppleWebKit/605.1.15 (KHTML, like Gecko) Version/16.1 Mobile/15E148 Safari/604.1"
172.104.210.105 - - [14/Feb/2024:08:10:11 -0500] "GET / HTTP/1.1" 400 279 "-" "Mozilla/5.0 zgrab/0.x"
192.155.90.220 - - [14/Feb/2024:08:10:25 -0500] "GET / HTTP/1.1" 200 8435 "-" "Mozilla/5.0 (Macintosh; Intel Mac OS X 13_1) AppleWebKit/537.36 (KHTML, like Gecko) Chrome/108.0.0.0 Safari/537.36"
69.164.217.245 - - [14/Feb/2024:08:22:10 -0500] "GET / HTTP/1.1" 200 396 "-" "Mozilla/5.0 zgrab/0.x"
43.153.169.80 - - [14/Feb/2024:08:25:04 -0500] "GET / HTTP/1.1" 200 612 "-" "curl/7.64.1"
36.99.136.137 - - [14/Feb/2024:08:25:23 -0500] "GET / HTTP/1.1" 301 193 "-" "Mozilla/5.0 (Macintosh; Intel Mac OS X 10_15_7) AppleWebKit/537.36 (KHTML, like Gecko) Chrome/96.0.4664.110 Safari/537.36"
36.99.136.137 - - [14/Feb/2024:08:25:23 -0500] "GET / HTTP/1.1" 301 193 "-" "Mozilla/5.0 (Macintosh; Intel Mac OS X 10_15_7) AppleWebKit/537.36 (KHTML, like Gecko) Chrome/96.0.4664.110 Safari/537.36"
36.99.136.137 - - [14/Feb/2024:08:25:24 -0500] "GET / HTTP/1.1" 404 34 "http://api.example.com" "Mozilla/5.0 (Macintosh; Intel Mac OS X 10_15_7) AppleWebKit/537.36 (KHTML, like Gecko) Chrome/96.0.4664.110 Safari/537.36"
36.99.136.128 - - [14/Feb/2024:08:25:25 -0500] "GET / HTTP/1.1" 404 353 "http://api3.example.com" "Mozilla/5.0 (Macintosh; Intel Mac OS X 10_15_7) AppleWebKit/537.36 (KHTML, like Gecko) Chrome/96.0.4664.110 Safari/537.36"
111.7.96.159 - - [14/Feb/2024:08:25:43 -0500] "GET / HTTP/1.1" 200 396 "-" "Mozilla/5.0 (Macintosh; Intel Mac OS X 10_15_7) AppleWebKit/537.36 (KHTML, like Gecko) Chrome/96.0.4664.110 Safari/537.36"
111.7.96.159 - - [14/Feb/2024:08:25:44 -0500] "GET /favicon.ico HTTP/1.1" 404 208 "-" "Mozilla/5.0 (Macintosh; Intel Mac OS X 10_15_7) AppleWebKit/537.36 (KHTML, like Gecko) Chrome/96.0.4664.110 Safari/537.36"
111.7.96.180 - - [14/Feb/2024:08:26:06 -0500] "GET / HTTP/1.1" 301 193 "-" "Mozilla/5.0 (Macintosh; Intel Mac OS X 10_15_7) AppleWebKit/537.36 (KHTML, like Gecko) Chrome/96.0.4664.110 Safari/537.36"
111.7.96.180 - - [14/Feb/2024:08:26:07 -0500] "GET / HTTP/1.1" 200 993 "http://donation.example.com" "Mozilla/5.0 (Macintosh; Intel Mac OS X 10_15_7) AppleWebKit/537.36 (KHTML, like Gecko) Chrome/96.0.4664.110 Safari/537.36"
111.7.96.180 - - [14/Feb/2024:08:26:07 -0500] "GET /favicon.ico HTTP/1.1" 301 193 "-" "Mozilla/5.0 (Macintosh; Intel Mac OS X 10_15_7) AppleWebKit/537.36 (KHTML, like Gecko) Chrome/96.0.4664.110 Safari/537.36"
111.7.96.180 - - [14/Feb/2024:08:26:08 -0500] "GET /favicon.ico HTTP/1.1" 200 32988 "http://donation.example.com/favicon.ico" "Mozilla/5.0 (Macintosh; Intel Mac OS X 10_15_7) AppleWebKit/537.36 (KHTML, like Gecko) Chrome/96.0.4664.110 Safari/537.36"
172.105.128.13 - - [14/Feb/2024:08:29:39 -0500] "GET / HTTP/1.1" 200 396 "-" "Mozilla/5.0 (Macintosh; Intel Mac OS X 13_1) AppleWebKit/537.36 (KHTML, like Gecko) Chrome/108.0.0.0 Safari/537.36"
146.19.24.28 - - [14/Feb/2024:08:31:08 -0500] "GET / HTTP/1.1" 200 612 "-" "-"
37.186.117.93 - - [14/Feb/2024:08:34:19 -0500] "GET /dashboard HTTP/1.1" 304 0 "-" "Mozilla/5.0 (Macintosh; Intel Mac OS X 10_15_7) AppleWebKit/537.36 (KHTML, like Gecko) Chrome/121.0.0.0 Safari/537.36"
45.79.128.205 - - [14/Feb/2024:09:02:26 -0500] "GET / HTTP/1.1" 200 396 "-" "Mozilla/5.0 (Macintosh; Intel Mac OS X 13_1) AppleWebKit/537.36 (KHTML, like Gecko) Chrome/108.0.0.0 Safari/537.36"
139.144.168.186 - - [14/Feb/2024:09:02:51 -0500] "\x16\x03\x00\x00i\x01\x00\x00e\x03\x03U\x1C\xA7\xE4random1random2random3random4\x00\x00\x0C\x00/\x00" 400 181 "-" "-"
139.144.168.186 - - [14/Feb/2024:09:02:51 -0500] "GET /URqD HTTP/1.1" 404 177 "-" "Mozilla/5.0 (compatible; Nmap Scripting Engine; https://nmap.org/book/nse.html)"
139.144.168.186 - - [14/Feb/2024:09:02:51 -0500] "GET /ZQOc HTTP/1.1" 404 177 "-" "Mozilla/5.0 (compatible; Nmap Scripting Engine; https://nmap.org/book/nse.html)"
45.56.71.92 - - [14/Feb/2024:09:02:53 -0500] "GET /JUWf HTTP/1.1" 400 279 "-" "Mozilla/5.0 (compatible; Nmap Scripting Engine; https://nmap.org/book/nse.html)"
45.56.71.92 - - [14/Feb/2024:09:02:53 -0500] "GET /bgSA HTTP/1.1" 400 279 "-" "Mozilla/5.0 (compatible; Nmap Scripting Engine; https://nmap.org/book/nse.html)"
165.22.194.29 - - [14/Feb/2024:09:03:06 -0500] "GET / HTTP/1.1" 200 396 "-" "Go-http-client/1.1"
165.22.194.29 - - [14/Feb/2024:09:04:06 -0500] "GET / HTTP/1.1" 400 279 "-" "Go-http-client/1.1"
143.110.222.166 - - [14/Feb/2024:09:08:32 -0500] "GET / HTTP/1.1" 200 396 "-" "Mozilla/5.0 (iPhone; CPU iPhone OS 16_1 like Mac OS X) AppleWebKit/605.1.15 (KHTML, like Gecko) Version/16.1 Mobile/15E148 Safari/604.1"
200.75.13.221 - - [14/Feb/2024:09:11:34 -0500] "GET /pfblockerng/www/index.php HTTP/1.1" 404 31900 "-" "Mozilla/5.0 (X11; Linux x86_64; rv:109.0) Gecko/20100101 Firefox/115.0"
83.97.73.245 - - [14/Feb/2024:09:11:45 -0500] "GET /actuator/gateway/routes HTTP/1.1" 404 208 "-" "Mozilla/5.0 (Windows NT 10.0; Win64; x64) AppleWebKit/537.36 (KHTML, like Gecko) Chrome/78.0.3904.108 Safari/537.36"
85.122.61.36 - - [14/Feb/2024:09:40:27 -0500] "GET / HTTP/1.1" 200 8418 "-" "Mozilla/5.0 (Windows NT 10.0; Win64; x64) AppleWebKit/537.36 (KHTML, like Gecko) Chrome/80.0.3987.149 Safari/537.36"
45.156.129.32 - - [14/Feb/2024:09:43:54 -0500] "GET / HTTP/1.1" 200 8433 "-" "Mozilla/5.0 (Windows NT 10.0; WOW64) AppleWebKit/537.36 (KHTML, like Gecko) Chrome/66.0.3359.117 Safari/537.36"
185.224.128.55 - - [14/Feb/2024:09:44:46 -0500] "GET / HTTP/1.1" 200 396 "-" "Mozilla/5.0 (Windows NT 10.0; Win64; x64) AppleWebKit/537.36 (KHTML, like Gecko) Chrome/90.0.4430.85 Safari/537.36 Edg/90.0.818.46"
152.32.183.13 - - [14/Feb/2024:10:05:59 -0500] "\x16\x03\x01\x01\x17\x01\x00\x01\x13\x03\x03\xBD\xF4\x09\x86p\xF8C\x01\xC1u\xFBz\xF3\xCF\xE3}\xED\xB2-L\x0C\xB8\xEC6\x94\x9B\x19\x86%\xE6\xF3Z \xE2\xA4\xD7^" 400 181 "-" "-"
152.32.183.13 - - [14/Feb/2024:10:06:14 -0500] "GET / HTTP/1.1" 200 612 "-" "Mozilla/5.0 (Macintosh; Intel Mac OS X 10_15_7) AppleWebKit/537.36 (KHTML, like Gecko) Chrome/120.0.0.0 Safari/537.36 Edg/120.0.0.0"
152.32.183.13 - - [14/Feb/2024:10:06:34 -0500] "GET /favicon.ico HTTP/1.1" 404 208 "-" "Mozilla/5.0 (Macintosh; Intel Mac OS X 10_7_0) AppleWebKit/535.11 (KHTML, like Gecko) Chrome/17.0.963.56 Safari/535.11"
152.32.183.13 - - [14/Feb/2024:10:06:35 -0500] "GET /robots.txt HTTP/1.1" 404 208 "-" "Mozilla/5.0 (Macintosh; Intel Mac OS X 10_7_0) AppleWebKit/535.11 (KHTML, like Gecko) Chrome/17.0.963.56 Safari/535.11"
152.32.183.13 - - [14/Feb/2024:10:06:38 -0500] "GET /sitemap.xml HTTP/1.1" 404 208 "-" "Mozilla/5.0 (Macintosh; Intel Mac OS X 10_7_0) AppleWebKit/535.11 (KHTML, like Gecko) Chrome/17.0.963.56 Safari/535.11"
143.110.222.166 - - [14/Feb/2024:10:10:36 -0500] "GET / HTTP/1.1" 200 396 "-" "Mozilla/5.0 (iPhone; CPU iPhone OS 16_1 like Mac OS X) AppleWebKit/605.1.15 (KHTML, like Gecko) Version/16.1 Mobile/15E148 Safari/604.1"
167.248.133.124 - - [14/Feb/2024:10:14:23 -0500] "GET / HTTP/1.1" 200 8432 "-" "Mozilla/5.0 (compatible; CensysInspect/1.1; +https://about.censys.io/)"
167.248.133.124 - - [14/Feb/2024:10:14:24 -0500] "PRI * HTTP/2.0" 400 181 "-" "-"
167.248.133.124 - - [14/Feb/2024:10:14:24 -0500] "GET /favicon.ico HTTP/1.1" 200 318 "-" "Mozilla/5.0 (compatible; CensysInspect/1.1; +https://about.censys.io/)"
146.19.24.28 - - [14/Feb/2024:10:21:54 -0500] "GET / HTTP/1.1" 200 612 "-" "-"
185.150.26.251 - - [14/Feb/2024:10:22:34 -0500] "GET / HTTP/1.1" 200 396 "-" "Mozilla/5.0 (X11; Ubuntu; Linux x86_64; rv:76.0) Gecko/20100101 Firefox/76.0"
152.32.156.95 - - [14/Feb/2024:10:24:41 -0500] "GET / HTTP/1.1" 200 44314 "-" "Mozilla/5.0 (Macintosh; Intel Mac OS X 10_15_7) AppleWebKit/537.36 (KHTML, like Gecko) Chrome/120.0.0.0 Safari/537.36 Edg/120.0.0.0"
152.32.156.95 - - [14/Feb/2024:10:25:08 -0500] "GET /favicon.ico HTTP/1.1" 200 318 "-" "Mozilla/5.0 (Macintosh; Intel Mac OS X 10_7_0) AppleWebKit/535.11 (KHTML, like Gecko) Chrome/17.0.963.56 Safari/535.11"
152.32.156.95 - - [14/Feb/2024:10:25:11 -0500] "GET /robots.txt HTTP/1.1" 200 0 "-" "Mozilla/5.0 (Macintosh; Intel Mac OS X 10_7_0) AppleWebKit/535.11 (KHTML, like Gecko) Chrome/17.0.963.56 Safari/535.11"
152.32.156.95 - - [14/Feb/2024:10:25:13 -0500] "GET /sitemap.xml HTTP/1.1" 404 5503 "-" "Mozilla/5.0 (Macintosh; Intel Mac OS X 10_7_0) AppleWebKit/535.11 (KHTML, like Gecko) Chrome/17.0.963.56 Safari/535.11"
54.37.79.75 - - [14/Feb/2024:10:29:03 -0500] "GET /.env HTTP/1.1" 404 208 "-" "Mozilla/5.0 (X11; Linux x86_64) AppleWebKit/537.36 (KHTML, like Gecko) Chrome/81.0.4044.129 Safari/537.36"
54.37.79.75 - - [14/Feb/2024:10:29:03 -0500] "POST / HTTP/1.1" 405 583 "-" "Mozilla/5.0 (X11; Linux x86_64) AppleWebKit/537.36 (KHTML, like Gecko) Chrome/81.0.4044.129 Safari/537.36"
45.79.181.94 - - [14/Feb/2024:10:40:15 -0500] "\x16\x03\x01\x00\x85\x01\x00\x00\x81\x03\x03)C\x09\xE9\x18\xD7\x03A+V\xAB\x15u\xC7-8\xA5\x95*\xD2\xE9\xE8\x9Di\x88\xB5\xE0q\xDB\xC4\x86(\x00\x00 \xC0/\xC00\xC0+\xC0,\xCC\xA8\xCC\xA9\xC0\x13\xC0\x09\xC0\x14\xC0" 400 181 "-" "-"
51.159.23.43 - - [14/Feb/2024:10:49:09 -0500] "GET / HTTP/1.1" 200 44314 "-" "-"
51.159.23.43 - - [14/Feb/2024:10:51:56 -0500] "GET / HTTP/1.1" 200 44314 "-" "-"
51.159.23.43 - - [14/Feb/2024:10:59:09 -0500] "GET / HTTP/1.1" 200 44314 "-" "-"
146.190.27.86 - - [14/Feb/2024:11:05:03 -0500] "GET / HTTP/1.1" 200 396 "-" "Go-http-client/1.1"
146.190.27.86 - - [14/Feb/2024:11:05:04 -0500] "GET / HTTP/1.1" 400 279 "-" "Go-http-client/1.1"
54.37.79.75 - - [14/Feb/2024:11:17:35 -0500] "GET /.env HTTP/1.1" 404 208 "-" "Mozilla/5.0 (X11; Linux x86_64) AppleWebKit/537.36 (KHTML, like Gecko) Chrome/81.0.4044.129 Safari/537.36"
54.37.79.75 - - [14/Feb/2024:11:17:35 -0500] "POST / HTTP/1.1" 405 583 "-" "Mozilla/5.0 (X11; Linux x86_64) AppleWebKit/537.36 (KHTML, like Gecko) Chrome/81.0.4044.129 Safari/537.36"
170.64.139.5 - - [14/Feb/2024:11:21:35 -0500] "\x16\x03\x01\x00{\x01\x00\x00w\x03\x03\x07\xCB\xE6/*\xEC\xFD\xBEg\xAE\x0E\xF7\xA9\x97$!\xDC\xC0\xC9&@\x86ym\x07\x89\x8BH\xCF\xAA\x89\x81\x00\x00\x1A\xC0/\xC0+\xC0\x11\xC0\x07\xC0\x13\xC0\x09\xC0\x14\xC0" 400 181 "-" "-"
170.64.139.5 - - [14/Feb/2024:11:21:35 -0500] "\x16\x03\x01\x00{\x01\x00\x00w\x03\x03\xD3\xD1\xE3K\xFA?5\x86f\xA8\x13OR\xCAD\x1E\x1D\x0ErdmzX\xD5$\x9EH,\xFAE\xD0\x92\x00\x00\x1A\xC0/\xC0+\xC0\x11\xC0\x07\xC0\x13\xC0\x09\xC0\x14\xC0" 400 181 "-" "-"
170.64.139.5 - - [14/Feb/2024:11:21:35 -0500] "GET / HTTP/1.1" 200 396 "-" "Mozilla/5.0 (Windows NT 10.0; Win64; x64) AppleWebKit/537.36 (KHTML, like Gecko) Chrome/108.0.0.0 Safari/537.36"
170.64.139.5 - - [14/Feb/2024:11:21:35 -0500] "GET /form.html HTTP/1.1" 404 151 "-" "curl/8.1.2"
170.64.139.5 - - [14/Feb/2024:11:21:36 -0500] "GET /upl.php HTTP/1.1" 404 151 "-" "Mozilla/5.0"
170.64.139.5 - - [14/Feb/2024:11:21:37 -0500] "\x16\x03\x01\x00{\x01\x00\x00w\x03\x03\x8A\x18\xF8\x81\xF6i\x038/\xA1\xDE\x815My\xBD;\xD6j\xAA\x92}\xC15\x97-\x926^\xCA4|\x00\x00\x1A\xC0/\xC0+\xC0\x11\xC0\x07\xC0\x13\xC0\x09\xC0\x14\xC0" 400 181 "-" "-"
170.64.139.5 - - [14/Feb/2024:11:21:37 -0500] "GET /geoip/ HTTP/1.1" 404 208 "-" "Mozilla/5.0 (Windows NT 10.0; Win64; x64) AppleWebKit/537.36 (KHTML, like Gecko) Chrome/108.0.0.0 Safari/537.36"
170.64.139.5 - - [14/Feb/2024:11:21:38 -0500] "GET /favicon.ico HTTP/1.1" 404 208 "-" "Mozilla/5.0 (Windows NT 10.0; Win64; x64) AppleWebKit/537.36 (KHTML, like Gecko) Chrome/108.0.0.0 Safari/537.36"
170.64.139.5 - - [14/Feb/2024:11:21:38 -0500] "GET /1.php HTTP/1.1" 404 208 "-" "Mozilla/5.0 (Windows NT 10.0; Win64; x64) AppleWebKit/537.36 (KHTML, like Gecko) Chrome/108.0.0.0 Safari/537.36"
170.64.139.5 - - [14/Feb/2024:11:21:39 -0500] "GET /bundle.js HTTP/1.1" 404 208 "-" "Mozilla/5.0 (Windows NT 10.0; Win64; x64) AppleWebKit/537.36 (KHTML, like Gecko) Chrome/108.0.0.0 Safari/537.36"
170.64.139.5 - - [14/Feb/2024:11:21:40 -0500] "GET /files/ HTTP/1.1" 404 208 "-" "Mozilla/5.0 (Windows NT 10.0; Win64; x64) AppleWebKit/537.36 (KHTML, like Gecko) Chrome/108.0.0.0 Safari/537.36"
170.64.139.5 - - [14/Feb/2024:11:21:40 -0500] "GET /systembc/password.php HTTP/1.1" 404 208 "-" "Mozilla/5.0 (Windows NT 10.0; Win64; x64) AppleWebKit/537.36 (KHTML, like Gecko) Chrome/108.0.0.0 Safari/537.36"
170.64.139.5 - - [14/Feb/2024:11:21:41 -0500] "GET /password.php HTTP/1.1" 404 208 "-" "Mozilla/5.0 (Windows NT 10.0; Win64; x64) AppleWebKit/537.36 (KHTML, like Gecko) Chrome/108.0.0.0 Safari/537.36"
170.64.139.5 - - [14/Feb/2024:11:21:41 -0500] "GET /info.php HTTP/1.1" 200 20372 "-" "Mozilla/5.0 (Windows NT 10.0; Win64; x64) AppleWebKit/537.36 (KHTML, like Gecko) Chrome/108.0.0.0 Safari/537.36"
34.77.127.183 - - [14/Feb/2024:11:23:58 -0500] "GET / HTTP/1.1" 200 8433 "-" "python-requests/2.31.0"
5.142.160.251 - - [14/Feb/2024:11:24:53 -0500] "GET / HTTP/1.1" 200 1730 "https://www.example.com/" "Mozilla/5.0 (iPhone; CPU iPhone OS 17_2_1 like Mac OS X) AppleWebKit/605.1.15 (KHTML, like Gecko) Version/17.2 Mobile/15E148 Safari/604.1"
5.142.160.251 - - [14/Feb/2024:11:24:53 -0500] "GET /static/css/main.623b77eb.chunk.css HTTP/1.1" 200 94681 "https://test.example.com/" "Mozilla/5.0 (iPhone; CPU iPhone OS 17_2_1 like Mac OS X) AppleWebKit/605.1.15 (KHTML, like Gecko) Version/17.2 Mobile/15E148 Safari/604.1"
5.142.160.251 - - [14/Feb/2024:11:24:53 -0500] "GET /static/js/main.c2a61c56.chunk.js HTTP/1.1" 200 42125 "https://test.example.com/" "Mozilla/5.0 (iPhone; CPU iPhone OS 17_2_1 like Mac OS X) AppleWebKit/605.1.15 (KHTML, like Gecko) Version/17.2 Mobile/15E148 Safari/604.1"
5.142.160.251 - - [14/Feb/2024:11:24:53 -0500] "GET /static/js/5.39c75272.chunk.js HTTP/1.1" 200 642412 "https://test.example.com/" "Mozilla/5.0 (iPhone; CPU iPhone OS 17_2_1 like Mac OS X) AppleWebKit/605.1.15 (KHTML, like Gecko) Version/17.2 Mobile/15E148 Safari/604.1"
5.142.160.251 - - [14/Feb/2024:11:24:53 -0500] "GET /static/js/9.4088b60f.chunk.js HTTP/1.1" 200 33757 "https://test.example.com/" "Mozilla/5.0 (iPhone; CPU iPhone OS 17_2_1 like Mac OS X) AppleWebKit/605.1.15 (KHTML, like Gecko) Version/17.2 Mobile/15E148 Safari/604.1"
5.142.160.251 - - [14/Feb/2024:11:24:53 -0500] "GET /static/media/flags.007b2705.png HTTP/1.1" 200 70857 "https://test.example.com/" "Mozilla/5.0 (iPhone; CPU iPhone OS 17_2_1 like Mac OS X) AppleWebKit/605.1.15 (KHTML, like Gecko) Version/17.2 Mobile/15E148 Safari/604.1"
5.142.160.251 - - [14/Feb/2024:11:25:55 -0500] "GET / HTTP/1.1" 304 0 "https://www.example.com/" "Mozilla/5.0 (iPhone; CPU iPhone OS 17_2_1 like Mac OS X) AppleWebKit/605.1.15 (KHTML, like Gecko) Version/17.2 Mobile/15E148 Safari/604.1"
43.134.190.89 - - [14/Feb/2024:11:26:15 -0500] "GET / HTTP/1.1" 200 396 "-" "Mozilla/5.0 (iPhone; CPU iPhone OS 13_2_3 like Mac OS X) AppleWebKit/605.1.15 (KHTML, like Gecko) Version/13.0.3 Mobile/15E148 Safari/604.1"
45.79.163.53 - - [14/Feb/2024:11:26:29 -0500] "GET / HTTP/1.1" 400 279 "-" "Mozilla/5.0 zgrab/0.x"
192.155.90.220 - - [14/Feb/2024:11:26:46 -0500] "GET / HTTP/1.1" 200 8434 "-" "Mozilla/5.0 (Macintosh; Intel Mac OS X 13_1) AppleWebKit/537.36 (KHTML, like Gecko) Chrome/108.0.0.0 Safari/537.36"
199.16.129.120 - - [14/Feb/2024:11:27:12 -0500] "GET /wp-content/themes/bricks/assets/css/frontend-light.min.css HTTP/1.1" 301 193 "-" "Mozilla/5.0 (Windows NT 10.0; Win64; x64) AppleWebKit/537.36 (KHTML, like Gecko) Chrome/84.0.4147.105 Safari/537.36"
199.16.129.120 - - [14/Feb/2024:11:27:12 -0500] "GET /wp-content/themes/bricks/assets/css/frontend-light.min.css HTTP/1.1" 200 2338 "-" "Mozilla/5.0 (Windows NT 10.0; Win64; x64) AppleWebKit/537.36 (KHTML, like Gecko) Chrome/84.0.4147.105 Safari/537.36"
198.74.56.46 - - [14/Feb/2024:11:27:36 -0500] "GET / HTTP/1.1" 400 279 "-" "Mozilla/5.0 zgrab/0.x"
192.155.90.220 - - [14/Feb/2024:11:28:00 -0500] "GET / HTTP/1.1" 200 8435 "-" "Mozilla/5.0 (Macintosh; Intel Mac OS X 13_1) AppleWebKit/537.36 (KHTML, like Gecko) Chrome/108.0.0.0 Safari/537.36"
143.110.222.166 - - [14/Feb/2024:11:29:02 -0500] "GET / HTTP/1.1" 200 396 "-" "Mozilla/5.0 (iPhone; CPU iPhone OS 16_1 like Mac OS X) AppleWebKit/605.1.15 (KHTML, like Gecko) Version/16.1 Mobile/15E148 Safari/604.1"
185.224.128.55 - - [14/Feb/2024:11:29:20 -0500] "GET / HTTP/1.1" 200 396 "-" "Mozilla/5.0 (Windows NT 10.0; Win64; x64) AppleWebKit/537.36 (KHTML, like Gecko) Chrome/90.0.4430.85 Safari/537.36 Edg/90.0.818.46"
45.33.87.154 - - [14/Feb/2024:11:30:38 -0500] "GET / HTTP/1.1" 200 396 "-" "Mozilla/5.0 zgrab/0.x"
2.133.66.113 - - [14/Feb/2024:11:30:54 -0500] "GET / HTTP/1.1" 200 1730 "https://www.example.com/" "Mozilla/5.0 (Linux; Android 14; SAMSUNG SM-S918B) AppleWebKit/537.36 (KHTML, like Gecko) SamsungBrowser/23.0 Chrome/115.0.0.0 Mobile Safari/537.36"
2.133.66.113 - - [14/Feb/2024:11:30:55 -0500] "GET /static/css/main.623b77eb.chunk.css HTTP/1.1" 200 94681 "https://test.example.com/" "Mozilla/5.0 (Linux; Android 14; SAMSUNG SM-S918B) AppleWebKit/537.36 (KHTML, like Gecko) SamsungBrowser/23.0 Chrome/115.0.0.0 Mobile Safari/537.36"
2.133.66.113 - - [14/Feb/2024:11:30:55 -0500] "GET /static/js/main.c2a61c56.chunk.js HTTP/1.1" 200 42125 "https://test.example.com/" "Mozilla/5.0 (Linux; Android 14; SAMSUNG SM-S918B) AppleWebKit/537.36 (KHTML, like Gecko) SamsungBrowser/23.0 Chrome/115.0.0.0 Mobile Safari/537.36"
2.133.66.113 - - [14/Feb/2024:11:31:00 -0500] "GET /static/js/5.39c75272.chunk.js HTTP/1.1" 200 642412 "https://test.example.com/" "Mozilla/5.0 (Linux; Android 14; SAMSUNG SM-S918B) AppleWebKit/537.36 (KHTML, like Gecko) SamsungBrowser/23.0 Chrome/115.0.0.0 Mobile Safari/537.36"
2.133.66.113 - - [14/Feb/2024:11:31:01 -0500] "GET /static/js/9.4088b60f.chunk.js HTTP/1.1" 200 33757 "https://test.example.com/" "Mozilla/5.0 (Linux; Android 14; SAMSUNG SM-S918B) AppleWebKit/537.36 (KHTML, like Gecko) SamsungBrowser/23.0 Chrome/115.0.0.0 Mobile Safari/537.36"
2.133.66.113 - - [14/Feb/2024:11:31:01 -0500] "GET /static/media/flags.007b2705.png HTTP/1.1" 200 70857 "https://test.example.com/static/css/main.623b77eb.chunk.css" "Mozilla/5.0 (Linux; Android 14; SAMSUNG SM-S918B) AppleWebKit/537.36 (KHTML, like Gecko) SamsungBrowser/23.0 Chrome/115.0.0.0 Mobile Safari/537.36"
45.79.181.94 - - [14/Feb/2024:11:31:08 -0500] "GET / HTTP/1.1" 200 396 "-" "Mozilla/5.0 (Macintosh; Intel Mac OS X 13_1) AppleWebKit/537.36 (KHTML, like Gecko) Chrome/108.0.0.0 Safari/537.36"
2.133.66.113 - - [14/Feb/2024:11:31:24 -0500] "GET /v1/team/contract-number?contract_number=JDI2024-I1-158_DISA HTTP/1.1" 200 347 "https://test.example.com/" "Mozilla/5.0 (Linux; Android 14; SAMSUNG SM-S918B) AppleWebKit/537.36 (KHTML, like Gecko) SamsungBrowser/23.0 Chrome/115.0.0.0 Mobile Safari/537.36"
2.133.66.113 - - [14/Feb/2024:11:32:10 -0500] "GET / HTTP/1.1" 304 0 "https://www.example.com/" "Mozilla/5.0 (Linux; Android 14; SAMSUNG SM-S918B) AppleWebKit/537.36 (KHTML, like Gecko) SamsungBrowser/23.0 Chrome/115.0.0.0 Mobile Safari/537.36"
2.133.66.113 - - [14/Feb/2024:11:32:16 -0500] "GET /v1/team/contract-number?contract_number=JDI2024-I1-158_DISA HTTP/1.1" 304 0 "https://test.example.com/" "Mozilla/5.0 (Linux; Android 14; SAMSUNG SM-S918B) AppleWebKit/537.36 (KHTML, like Gecko) SamsungBrowser/23.0 Chrome/115.0.0.0 Mobile Safari/537.36"
2.133.66.113 - - [14/Feb/2024:11:32:56 -0500] "POST /v1/team/upload-passport?purpose=passport HTTP/1.1" 413 609 "https://test.example.com/" "Mozilla/5.0 (Linux; Android 14; SAMSUNG SM-S918B) AppleWebKit/537.36 (KHTML, like Gecko) SamsungBrowser/23.0 Chrome/115.0.0.0 Mobile Safari/537.36"
2.133.66.113 - - [14/Feb/2024:11:33:49 -0500] "POST /v1/team/upload-passport?purpose=passport HTTP/1.1" 201 97 "https://test.example.com/" "Mozilla/5.0 (Linux; Android 14; SAMSUNG SM-S918B) AppleWebKit/537.36 (KHTML, like Gecko) SamsungBrowser/23.0 Chrome/115.0.0.0 Mobile Safari/537.36"
91.92.245.67 - - [14/Feb/2024:11:35:13 -0500] "CONNECT api.ipify.org:443 HTTP/1.1" 400 181 "-" "-"
146.19.24.28 - - [14/Feb/2024:12:04:03 -0500] "GET / HTTP/1.1" 200 612 "-" "-"
172.104.11.34 - - [14/Feb/2024:12:11:16 -0500] "\x16\x03\x01\x00\x85\x01\x00\x00\x81\x03\x03\xCA\x84\xE2(u\x7F\xF01j\x5CH8\x08\xB6\x1F\xD6\xC9L/\xE2\xA5oBW\xCA)\xC6?e\xB5\xAD\x9F\x00\x00 \xC0/\xC00\xC0+\xC0,\xCC\xA8\xCC\xA9\xC0\x13\xC0\x09\xC0\x14\xC0" 400 181 "-" "-"
93.94.216.14 - - [14/Feb/2024:12:13:21 -0500] "GET / HTTP/1.1" 200 1730 "https://www.example.com/" "Mozilla/5.0 (iPhone; CPU iPhone OS 17_2_1 like Mac OS X) AppleWebKit/605.1.15 (KHTML, like Gecko) Version/17.2 Mobile/15E148 Safari/604.1"
93.94.216.14 - - [14/Feb/2024:12:13:21 -0500] "GET /static/css/main.623b77eb.chunk.css HTTP/1.1" 200 94681 "https://test.example.com/" "Mozilla/5.0 (iPhone; CPU iPhone OS 17_2_1 like Mac OS X) AppleWebKit/605.1.15 (KHTML, like Gecko) Version/17.2 Mobile/15E148 Safari/604.1"
93.94.216.14 - - [14/Feb/2024:12:13:21 -0500] "GET /static/js/main.c2a61c56.chunk.js HTTP/1.1" 200 42125 "https://test.example.com/" "Mozilla/5.0 (iPhone; CPU iPhone OS 17_2_1 like Mac OS X) AppleWebKit/605.1.15 (KHTML, like Gecko) Version/17.2 Mobile/15E148 Safari/604.1"
93.94.216.14 - - [14/Feb/2024:12:13:21 -0500] "GET /static/js/5.39c75272.chunk.js HTTP/1.1" 200 642412 "https://test.example.com/" "Mozilla/5.0 (iPhone; CPU iPhone OS 17_2_1 like Mac OS X) AppleWebKit/605.1.15 (KHTML, like Gecko) Version/17.2 Mobile/15E148 Safari/604.1"
93.94.216.14 - - [14/Feb/2024:12:13:22 -0500] "GET /static/js/9.4088b60f.chunk.js HTTP/1.1" 200 33757 "https://test.example.com/" "Mozilla/5.0 (iPhone; CPU iPhone OS 17_2_1 like Mac OS X) AppleWebKit/605.1.15 (KHTML, like Gecko) Version/17.2 Mobile/15E148 Safari/604.1"
93.94.216.14 - - [14/Feb/2024:12:13:22 -0500] "GET /static/media/flags.007b2705.png HTTP/1.1" 200 70857 "https://test.example.com/" "Mozilla/5.0 (iPhone; CPU iPhone OS 17_2_1 like Mac OS X) AppleWebKit/605.1.15 (KHTML, like Gecko) Version/17.2 Mobile/15E148 Safari/604.1"
93.94.216.14 - - [14/Feb/2024:12:13:56 -0500] "GET /v1/team/contract-number?contract_number=JDI2024-I1-151_DISA HTTP/1.1" 404 310 "https://test.example.com/" "Mozilla/5.0 (iPhone; CPU iPhone OS 17_2_1 like Mac OS X) AppleWebKit/605.1.15 (KHTML, like Gecko) Version/17.2 Mobile/15E148 Safari/604.1"
93.94.216.14 - - [14/Feb/2024:12:14:47 -0500] "GET /v1/team/contract-number?contract_number=test%20 HTTP/1.1" 404 310 "https://test.example.com/" "Mozilla/5.0 (iPhone; CPU iPhone OS 17_2_1 like Mac OS X) AppleWebKit/605.1.15 (KHTML, like Gecko) Version/17.2 Mobile/15E148 Safari/604.1"
159.223.214.31 - - [14/Feb/2024:12:17:17 -0500] "GET / HTTP/1.1" 200 396 "-" "Go-http-client/1.1"
159.223.214.31 - - [14/Feb/2024:12:17:24 -0500] "GET / HTTP/1.1" 400 279 "-" "Go-http-client/1.1"
34.76.96.55 - - [14/Feb/2024:12:19:07 -0500] "GET / HTTP/1.1" 200 396 "-" "python-requests/2.31.0"
143.110.222.166 - - [14/Feb/2024:12:24:10 -0500] "GET / HTTP/1.1" 200 396 "-" "Mozilla/5.0 (iPhone; CPU iPhone OS 16_1 like Mac OS X) AppleWebKit/605.1.15 (KHTML, like Gecko) Version/16.1 Mobile/15E148 Safari/604.1"
85.104.51.104 - - [14/Feb/2024:12:28:27 -0500] "GET / HTTP/1.1" 304 0 "-" "Mozilla/5.0 (Windows NT 10.0; Win64; x64) AppleWebKit/537.36 (KHTML, like Gecko) Chrome/121.0.0.0 Safari/537.36"
172.235.29.35 - - [14/Feb/2024:12:31:55 -0500] "GET / HTTP/1.1" 400 681 "-" "Mozilla/5.0 (Linux; Android 4.4.4; XT1032 Build/KXB21.14-L1.61) AppleWebKit/537.36 (KHTML, like Gecko) Chrome/45.0.2454.94 Mobile Safari/537.36"
93.94.216.14 - - [14/Feb/2024:12:31:59 -0500] "GET /v1/team/contract-number?contract_number= HTTP/1.1" 400 355 "https://test.example.com/" "Mozilla/5.0 (iPhone; CPU iPhone OS 17_2_1 like Mac OS X) AppleWebKit/605.1.15 (KHTML, like Gecko) Version/17.2 Mobile/15E148 Safari/604.1"
93.94.216.14 - - [14/Feb/2024:12:32:12 -0500] "GET /v1/team/contract-number?contract_number=%20JDI2024-I1-151_DISA HTTP/1.1" 404 310 "https://test.example.com/" "Mozilla/5.0 (iPhone; CPU iPhone OS 17_2_1 like Mac OS X) AppleWebKit/605.1.15 (KHTML, like Gecko) Version/17.2 Mobile/15E148 Safari/604.1"
12.235.110.190 - - [14/Feb/2024:12:44:12 -0500] "GET / HTTP/1.0" 400 279 "-" "-"
143.110.222.166 - - [14/Feb/2024:12:59:42 -0500] "GET / HTTP/1.1" 200 396 "-" "Mozilla/5.0 (iPhone; CPU iPhone OS 16_1 like Mac OS X) AppleWebKit/605.1.15 (KHTML, like Gecko) Version/16.1 Mobile/15E148 Safari/604.1"
5.188.210.227 - - [14/Feb/2024:13:16:10 -0500] "\x05\x01\x00" 400 181 "-" "-"
5.188.210.227 - - [14/Feb/2024:13:16:55 -0500] "\x04\x01\x00P\x05\xBC\xD2\xE3\x00" 400 181 "-" "-"
5.188.210.227 - - [14/Feb/2024:13:18:14 -0500] "GET http://5.188.210.227/echo.php HTTP/1.1" 404 208 "https://www.google.com/" "Mozilla/5.0 (Windows NT 6.1) AppleWebKit/537.36 (KHTML, like Gecko) Chrome/70.0.3538.77 Safari/537.36"
185.224.128.55 - - [14/Feb/2024:13:23:23 -0500] "GET / HTTP/1.1" 200 396 "-" "Mozilla/5.0 (Windows NT 10.0; Win64; x64) AppleWebKit/537.36 (KHTML, like Gecko) Chrome/90.0.4430.85 Safari/537.36 Edg/90.0.818.46"
54.37.79.75 - - [14/Feb/2024:13:30:42 -0500] "GET /.env HTTP/1.1" 404 208 "-" "Mozilla/5.0 (X11; Linux x86_64) AppleWebKit/537.36 (KHTML, like Gecko) Chrome/81.0.4044.129 Safari/537.36"
54.37.79.75 - - [14/Feb/2024:13:30:42 -0500] "POST / HTTP/1.1" 405 583 "-" "Mozilla/5.0 (X11; Linux x86_64) AppleWebKit/537.36 (KHTML, like Gecko) Chrome/81.0.4044.129 Safari/537.36"
95.214.235.169 - - [14/Feb/2024:13:39:53 -0500] "GET /.env HTTP/1.1" 404 208 "-" "Mozilla/5.0 (X11; Linux x86_64) AppleWebKit/537.36 (KHTML, like Gecko) Chrome/81.0.4044.129 Safari/537.36"
95.214.235.169 - - [14/Feb/2024:13:39:55 -0500] "POST / HTTP/1.1" 405 583 "-" "Mozilla/5.0 (X11; Linux x86_64) AppleWebKit/537.36 (KHTML, like Gecko) Chrome/81.0.4044.129 Safari/537.36"
114.119.130.218 - - [14/Feb/2024:13:57:30 -0500] "GET /policy HTTP/1.1" 200 1730 "https://test.example.com/" "Mozilla/5.0 (Linux; Android 7.0;) AppleWebKit/537.36 (KHTML, like Gecko) Mobile Safari/537.36 (compatible; PetalBot;+https://webmaster.petalsearch.com/site/petalbot)"
172.104.210.105 - - [14/Feb/2024:13:59:03 -0500] "GET / HTTP/1.1" 200 396 "-" "Mozilla/5.0 zgrab/0.x"
69.164.217.245 - - [14/Feb/2024:14:00:54 -0500] "GET / HTTP/1.1" 400 279 "-" "Mozilla/5.0 zgrab/0.x"
45.33.80.243 - - [14/Feb/2024:14:01:05 -0500] "GET / HTTP/1.1" 200 8434 "-" "Mozilla/5.0 (Macintosh; Intel Mac OS X 13_1) AppleWebKit/537.36 (KHTML, like Gecko) Chrome/108.0.0.0 Safari/537.36"
222.186.13.131 - - [14/Feb/2024:14:07:50 -0500] "\x16\x03\x01\x00\xEE\x01\x00\x00\xEA\x03\x03\xD0\xD1\xA2W/\xCF\x93\x80\xB3\xAB\xECU\xFF\xDF\x0E\xF9#\x8E\x00\xBF\x9F\xB5\xDE\xACX#\x0Cr0\x16\xB8\x8F \xB8`\x12\x97\xF1\x0F\xB8\x12\xB5\x14\xC8\x5C\xEF\x17L\xEF$B\xE8\xF2\xDB\xED\x97`\xE7\x0B\xAA\x0EQ'@\x8C\x00&\xC0+\xC0/\xC0,\xC00\xCC\xA9\xCC\xA8\xC0\x09\xC0\x13\xC0" 400 181 "-" "-"
222.186.13.131 - - [14/Feb/2024:14:07:51 -0500] "GET / HTTP/1.1" 200 396 "-" "Mozilla/5.0 (X11; Linux x86_64) AppleWebKit/537.36 (KHTML, like Gecko) Chrome/86.0.4 240.111 Safari/537.36"
222.186.13.131 - - [14/Feb/2024:14:07:51 -0500] "\x16\x03\x01\x00\xEE\x01\x00\x00\xEA\x03\x03\xC6>\xABr\xAD\xF6\xCF\x80`}\xCE\x99l\x88\x9F\x89\x8A1\xE0B+\xF9\x82a\xC1\xD0R>\xF8\x17C\xD4 x\xD9\xB8\x90G\xFF\xAF\x011\x01\x85C@\x99i\xE3\xF7\x08\xE63:\xFC\xCFi,\x02\x892m\x1E\xAF\xBF\x00&\xC0+\xC0/\xC0,\xC00\xCC\xA9\xCC\xA8\xC0\x09\xC0\x13\xC0" 400 181 "-" "-"
222.186.13.131 - - [14/Feb/2024:14:07:52 -0500] "\x16\x03\x01\x00\xEE\x01\x00\x00\xEA\x03\x03\xCB\xE84E*z\xE1\xAA\xAA\xBA\xA3,2\x81\xE9_\x8E\x85&}\xE6\xCBHh\x93\xE8\x05ye\xDD\x5C\x8E  \x93gI\xBE\x13\xEF7\x1A\xBC\x111\x91\xB7\xC4" 400 181 "-" "-"
222.186.13.131 - - [14/Feb/2024:14:07:53 -0500] "\x16\x03\x01\x00\xEE\x01\x00\x00\xEA\x03\x03EQ\xF6\x11\x889\xC7\xC7w\xF9\xFE\xA7e\x7FN\xADq\x7F\x94\x0C\xF8\x8Edv\x11\x95\xD6\x9CM \xB6\xE0 =\xB6\xAC_\xF0\xA8\xE6" 400 181 "-" "-"
222.186.13.131 - - [14/Feb/2024:14:07:54 -0500] "\x16\x03\x01\x00\xEE\x01\x00\x00\xEA\x03\x03\xBC\xFA\x05\xD6A\xD2\xBC\xFFG[6~o\x9B\xA2z\xEB\xE2l\xAF\xEE\xC9\xAF\xCClK\xE1q\x8Dd \xDC 8\xCA\xAEn\x22}\xDBP\x13\xB3\x10\xDE|\xB2\xDC\xE9\x15\x10\xF7\xF2>r\x0B\x80\xFBT\xC8\xA7\xD5Wn\x98\x00&\xC0+\xC0/\xC0,\xC00\xCC\xA9\xCC\xA8\xC0\x09\xC0\x13\xC0" 400 181 "-" "-"
222.186.13.131 - - [14/Feb/2024:14:07:56 -0500] "\x16\x03\x01\x00\xEE\x01\x00\x00\xEA\x03\x03\x9F;\xCB^\x05\xC5y\xBD\xFA\xA3\xAD\xB7y}\x7Fb\x8B\xB7\x19\x8B\xB1~kD\xDA\x01+M\xC5g\x93p \x04\xCA\xCB\xC9~\xFAwn\x1A5T\xA0\x1C\x9Dah\x82WmwE\xC7D$R\xBF\xE1\x1C`\x8B|\xAA\x00&\xC0+\xC0/\xC0,\xC00\xCC\xA9\xCC\xA8\xC0\x09\xC0\x13\xC0" 400 181 "-" "-"
222.186.13.131 - - [14/Feb/2024:14:07:56 -0500] "\x16\x03\x01\x00\xEE\x01\x00\x00\xEA\x03\x03}z\xBD\xDA?##\xEB\xC2dYC\x81p\xF7\x88\xA0jE0\xBAm\x1B+W<SC\xFAv\x99H \x94\xF0L\x9B2\xED\x06\x0C\xE1\xDD9\xF8\x95\x18\xA5\xB3\xC0.\xC1\x8CYES\x03\x7F\xE5\x1C\xE0\xC2$\x97\x9B\x00&\xC0+\xC0/\xC0,\xC00\xCC\xA9\xCC\xA8\xC0\x09\xC0\x13\xC0" 400 181 "-" "-"
167.71.75.39 - - [14/Feb/2024:14:09:03 -0500] "GET / HTTP/1.1" 400 279 "-" "Go-http-client/1.1"
45.79.168.172 - - [14/Feb/2024:14:12:37 -0500] "GET / HTTP/1.1" 200 396 "-" "Mozilla/5.0 zgrab/0.x"
172.104.11.34 - - [14/Feb/2024:14:12:46 -0500] "GET / HTTP/1.1" 200 396 "-" "Mozilla/5.0 (Macintosh; Intel Mac OS X 13_1) AppleWebKit/537.36 (KHTML, like Gecko) Chrome/108.0.0.0 Safari/537.36"
45.95.169.184 - - [14/Feb/2024:14:14:38 -0500] "\x83F\x02\x00\x15\x00\x00\x00R%}gI\x5Cm\x1E\x05\x16yEFbkD}\x0E[g\x18\x00\x00\x00\x00\x00\x00\x00\x00" 400 181 "-" "-"
45.95.169.184 - - [14/Feb/2024:14:14:38 -0500] "POST /index.htm HTTP/1.1" 404 579 "-" "Mozilla/5.0 (Windows NT 10.0; WOW64) AppleWebKit/537.36 (KHTML, like Gecko) Chrome/72.0.3626.121 Safari/537.36"
45.95.169.184 - - [14/Feb/2024:14:14:38 -0500] "POST /FD873AC4-CF86-4FED-84EC-4BD59C6F17A7 HTTP/1.1" 404 579 "-" "Mozilla/4.0 (compatible; MSIE 6.0; Windows NT 5.1)"
198.74.56.46 - - [14/Feb/2024:14:17:42 -0500] "GET / HTTP/1.1" 400 279 "-" "Mozilla/5.0 zgrab/0.x"
45.33.80.243 - - [14/Feb/2024:14:18:04 -0500] "GET / HTTP/1.1" 200 8430 "-" "Mozilla/5.0 (Macintosh; Intel Mac OS X 13_1) AppleWebKit/537.36 (KHTML, like Gecko) Chrome/108.0.0.0 Safari/537.36"
91.92.245.67 - - [14/Feb/2024:14:24:05 -0500] "CONNECT api.ipify.org:443 HTTP/1.1" 400 181 "-" "-"
143.110.222.166 - - [14/Feb/2024:14:24:52 -0500] "GET / HTTP/1.1" 200 396 "-" "Mozilla/5.0 (iPhone; CPU iPhone OS 16_1 like Mac OS X) AppleWebKit/605.1.15 (KHTML, like Gecko) Version/16.1 Mobile/15E148 Safari/604.1"
71.6.134.231 - - [14/Feb/2024:14:30:12 -0500] "GET / HTTP/1.1" 404 34 "-" "Mozilla/5.0 (Windows NT 10.0; Win64; x64) AppleWebKit/537.36 (KHTML, like Gecko) Chrome/102.0.0.0 Safari/537.36"
71.6.134.231 - - [14/Feb/2024:14:32:09 -0500] "GET /favicon.ico HTTP/1.1" 404 34 "-" "Mozilla/5.0 (Windows NT 10.0; Win64; x64) AppleWebKit/537.36 (KHTML, like Gecko) Chrome/102.0.0.0 Safari/537.36"
45.79.181.94 - - [14/Feb/2024:14:53:27 -0500] "GET / HTTP/1.1" 200 396 "-" "Mozilla/5.0 (Macintosh; Intel Mac OS X 13_1) AppleWebKit/537.36 (KHTML, like Gecko) Chrome/108.0.0.0 Safari/537.36"
68.183.120.132 - - [14/Feb/2024:15:06:18 -0500] "GET /apis/apps/v1/namespaces/kube-system/daemonsets/ HTTP/1.1" 404 5501 "-" "Mozilla/5.0 (Windows NT 10.0; Win64; x64) AppleWebKit/537.36 (KHTML, like Gecko) Chrome/108.0.0.0 Safari/537.36"
54.37.79.75 - - [14/Feb/2024:15:13:19 -0500] "GET /.env HTTP/1.1" 404 208 "-" "Mozilla/5.0 (X11; Linux x86_64) AppleWebKit/537.36 (KHTML, like Gecko) Chrome/81.0.4044.129 Safari/537.36"
54.37.79.75 - - [14/Feb/2024:15:13:19 -0500] "POST / HTTP/1.1" 405 583 "-" "Mozilla/5.0 (X11; Linux x86_64) AppleWebKit/537.36 (KHTML, like Gecko) Chrome/81.0.4044.129 Safari/537.36"
143.110.222.166 - - [14/Feb/2024:15:18:18 -0500] "GET / HTTP/1.1" 200 396 "-" "Mozilla/5.0 (iPhone; CPU iPhone OS 16_1 like Mac OS X) AppleWebKit/605.1.15 (KHTML, like Gecko) Version/16.1 Mobile/15E148 Safari/604.1"
52.80.126.145 - - [14/Feb/2024:15:18:40 -0500] "GET /.git/config HTTP/1.1" 200 993 "-" "Go-http-client/1.1"
161.35.155.154 - - [14/Feb/2024:15:19:53 -0500] "GET / HTTP/1.1" 200 396 "-" "Go-http-client/1.1"
146.19.24.28 - - [14/Feb/2024:15:23:50 -0500] "GET / HTTP/1.1" 200 612 "-" "-"
143.255.242.226 - - [14/Feb/2024:15:27:39 -0500] "GET / HTTP/1.1" 200 612 "-" "Mozilla/5.0 (Windows NT 10.0; WOW64) AppleWebKit/537.36 (KHTML, like Gecko) Chrome/51.0.2704.103 Safari/537.36"
167.94.138.126 - - [14/Feb/2024:15:38:49 -0500] "GET / HTTP/1.1" 200 44326 "-" "-"
167.94.138.126 - - [14/Feb/2024:15:38:53 -0500] "GET / HTTP/1.1" 200 8433 "-" "Mozilla/5.0 (compatible; CensysInspect/1.1; +https://about.censys.io/)"
167.94.138.126 - - [14/Feb/2024:15:38:53 -0500] "PRI * HTTP/2.0" 400 181 "-" "-"
167.94.138.126 - - [14/Feb/2024:15:38:54 -0500] "GET /favicon.ico HTTP/1.1" 200 318 "-" "Mozilla/5.0 (compatible; CensysInspect/1.1; +https://about.censys.io/)"
185.224.128.55 - - [14/Feb/2024:15:42:28 -0500] "GET / HTTP/1.1" 200 396 "-" "Mozilla/5.0 (Windows NT 10.0; Win64; x64) AppleWebKit/537.36 (KHTML, like Gecko) Chrome/90.0.4430.85 Safari/537.36 Edg/90.0.818.46"
191.37.64.67 - - [14/Feb/2024:15:47:46 -0500] "GET / HTTP/1.1" 200 612 "-" "Mozilla/5.0 (Windows NT 6.1; WOW64) AppleWebKit/537.36 (KHTML, like Gecko) Chrome/52.0.2743.116 Safari/537.36"
138.246.253.24 - - [14/Feb/2024:15:49:33 -0500] "GET /robots.txt HTTP/1.1" 200 0 "-" "Mozilla/5.0 (Windows NT 10.0; Win64; x64) AppleWebKit/537.36 (KHTML, like Gecko) Chrome/103.0.5060.134 Safari/537.36"
54.37.79.75 - - [14/Feb/2024:15:59:17 -0500] "GET /.env HTTP/1.1" 404 208 "-" "Mozilla/5.0 (X11; Linux x86_64) AppleWebKit/537.36 (KHTML, like Gecko) Chrome/81.0.4044.129 Safari/537.36"
54.37.79.75 - - [14/Feb/2024:15:59:17 -0500] "POST / HTTP/1.1" 405 583 "-" "Mozilla/5.0 (X11; Linux x86_64) AppleWebKit/537.36 (KHTML, like Gecko) Chrome/81.0.4044.129 Safari/537.36"
143.110.222.166 - - [14/Feb/2024:15:59:29 -0500] "GET / HTTP/1.1" 200 396 "-" "Mozilla/5.0 (iPhone; CPU iPhone OS 16_1 like Mac OS X) AppleWebKit/605.1.15 (KHTML, like Gecko) Version/16.1 Mobile/15E148 Safari/604.1"
23.239.21.210 - - [14/Feb/2024:16:03:23 -0500] "GET / HTTP/1.1" 200 612 "-" "Mozilla/5.0 (Windows NT 10.0; Win64; x64; rv:109.0) Gecko/20100101 Firefox/109.0"
139.162.184.156 - - [14/Feb/2024:16:10:17 -0500] "GET /api.json HTTP/1.1" 404 151 "-" "python-requests/2.25.1"
172.104.11.46 - - [14/Feb/2024:16:12:43 -0500] "\x16\x03\x01\x00\x85\x01\x00\x00\x81\x03\x03y\x16\x06\xC4\x15\xA4Q@\xA6*\x14\xD0\xA2\xF78" 400 181 "-" "-"
45.79.168.172 - - [14/Feb/2024:16:20:03 -0500] "GET / HTTP/1.1" 200 396 "-" "Mozilla/5.0 zgrab/0.x"
172.105.128.13 - - [14/Feb/2024:16:20:35 -0500] "GET / HTTP/1.1" 200 396 "-" "Mozilla/5.0 (Macintosh; Intel Mac OS X 13_1) AppleWebKit/537.36 (KHTML, like Gecko) Chrome/108.0.0.0 Safari/537.36"
23.92.21.204 - - [14/Feb/2024:16:22:00 -0500] "GET / HTTP/1.1" 200 612 "-" "Mozilla/5.0 (Windows NT 10.0; Win64; x64) AppleWebKit/537.36 (KHTML, like Gecko) Chrome/109.0.0.0 Safari/537.36"
45.207.52.18 - - [14/Feb/2024:16:33:06 -0500] "GET / HTTP/1.1" 200 8431 "-" "Chrome/69.0.3497.81 Safari/537.36"
45.207.52.18 - - [14/Feb/2024:16:33:07 -0500] "GET /runtime/log/202402/15.log HTTP/1.1" 404 5502 "-" "Chrome/69.0.3497.81 Safari/537.36"
45.207.52.18 - - [14/Feb/2024:16:33:08 -0500] "GET /index.php?s=index/think%5Capp/invokefunction&function=call_user_func_array&vars%5B0%5D=phpinfo&vars%5B1%5D%5B%5D=1 HTTP/1.1" 200 8433 "-" "Chrome/69.0.3497.81 Safari/537.36"
45.207.52.18 - - [14/Feb/2024:16:33:09 -0500] "POST /index.php HTTP/1.1" 400 31927 "-" "Chrome/69.0.3497.81 Safari/537.36"
54.37.79.75 - - [14/Feb/2024:16:35:29 -0500] "GET /.env HTTP/1.1" 404 208 "-" "Mozilla/5.0 (X11; Linux x86_64) AppleWebKit/537.36 (KHTML, like Gecko) Chrome/81.0.4044.129 Safari/537.36"
54.37.79.75 - - [14/Feb/2024:16:35:29 -0500] "POST / HTTP/1.1" 405 583 "-" "Mozilla/5.0 (X11; Linux x86_64) AppleWebKit/537.36 (KHTML, like Gecko) Chrome/81.0.4044.129 Safari/537.36"
45.33.87.154 - - [14/Feb/2024:16:47:30 -0500] "GET / HTTP/1.1" 400 279 "-" "Mozilla/5.0 zgrab/0.x"
146.19.24.28 - - [14/Feb/2024:16:53:02 -0500] "GET / HTTP/1.1" 200 612 "-" "-"
45.79.181.94 - - [14/Feb/2024:16:57:59 -0500] "GET / HTTP/1.1" 200 8433 "-" "Mozilla/5.0 (Macintosh; Intel Mac OS X 13_1) AppleWebKit/537.36 (KHTML, like Gecko) Chrome/108.0.0.0 Safari/537.36"
143.110.222.166 - - [14/Feb/2024:16:58:50 -0500] "GET / HTTP/1.1" 200 396 "-" "Mozilla/5.0 (iPhone; CPU iPhone OS 16_1 like Mac OS X) AppleWebKit/605.1.15 (KHTML, like Gecko) Version/16.1 Mobile/15E148 Safari/604.1"
80.82.77.202 - - [14/Feb/2024:17:00:57 -0500] "GET / HTTP/1.1" 200 44326 "-" "fasthttp"
80.82.77.202 - - [14/Feb/2024:17:00:57 -0500] "GET /aaa9 HTTP/1.1" 404 5501 "-" "Mozilla/5.0 (Windows NT 10.0; Win64; x64) AppleWebKit/537.36 (KHTML, like Gecko) Chrome/70.0.3538.77 Safari/537.36"
80.82.77.202 - - [14/Feb/2024:17:00:57 -0500] "GET /aaa9 HTTP/1.1" 400 681 "-" "Mozilla/5.0 (Windows NT 10.0; Win64; x64) AppleWebKit/537.36 (KHTML, like Gecko) Chrome/70.0.3538.77 Safari/537.36"
80.82.77.202 - - [14/Feb/2024:17:00:57 -0500] "GET /aab9 HTTP/1.1" 404 5501 "-" "Mozilla/5.0 (Windows NT 10.0; Win64; x64) AppleWebKit/537.36 (KHTML, like Gecko) Chrome/70.0.3538.77 Safari/537.36"
80.82.77.202 - - [14/Feb/2024:17:00:57 -0500] "GET /aab9 HTTP/1.1" 400 681 "-" "Mozilla/5.0 (Windows NT 10.0; Win64; x64) AppleWebKit/537.36 (KHTML, like Gecko) Chrome/70.0.3538.77 Safari/537.36"
80.82.77.202 - - [14/Feb/2024:17:01:17 -0500] "GET /aaa9 HTTP/1.1" 404 5505 "-" "Mozilla/5.0 (Windows NT 10.0; Win64; x64) AppleWebKit/537.36 (KHTML, like Gecko) Chrome/70.0.3538.77 Safari/537.36"
80.82.77.202 - - [14/Feb/2024:17:01:17 -0500] "GET /aaa9 HTTP/1.1" 400 681 "-" "Mozilla/5.0 (Windows NT 10.0; Win64; x64) AppleWebKit/537.36 (KHTML, like Gecko) Chrome/70.0.3538.77 Safari/537.36"
80.82.77.202 - - [14/Feb/2024:17:01:17 -0500] "GET /aab9 HTTP/1.1" 404 5503 "-" "Mozilla/5.0 (Windows NT 10.0; Win64; x64) AppleWebKit/537.36 (KHTML, like Gecko) Chrome/70.0.3538.77 Safari/537.36"
80.82.77.202 - - [14/Feb/2024:17:01:17 -0500] "GET /aab9 HTTP/1.1" 400 681 "-" "Mozilla/5.0 (Windows NT 10.0; Win64; x64) AppleWebKit/537.36 (KHTML, like Gecko) Chrome/70.0.3538.77 Safari/537.36"
45.79.163.53 - - [14/Feb/2024:17:01:36 -0500] "GET / HTTP/1.1" 400 279 "-" "Mozilla/5.0 zgrab/0.x"
45.79.181.251 - - [14/Feb/2024:17:02:04 -0500] "GET / HTTP/1.1" 200 8433 "-" "Mozilla/5.0 (Macintosh; Intel Mac OS X 13_1) AppleWebKit/537.36 (KHTML, like Gecko) Chrome/108.0.0.0 Safari/537.36"
103.186.67.227 - - [14/Feb/2024:17:06:47 -0500] "POST /testform/admin/formLogin HTTP/1.1" 404 151 "http://10.10.1.5:80/admin/login.asp" "Mozilla/5.0 (X11; Ubuntu; Linux x86_64; rv:71.0) Gecko/20100101 Firefox/71.0"
103.186.67.227 - - [14/Feb/2024:17:06:47 -0500] "" 400 0 "-" "-"
45.33.87.154 - - [14/Feb/2024:17:08:25 -0500] "GET / HTTP/1.1" 200 396 "-" "Mozilla/5.0 zgrab/0.x"
